******************************************************************************
                  TI ARM Linker PC v20.2.7                     
******************************************************************************
>> Linked Fri Feb 14 15:06:43 2025

OUTPUT FILE NAME:   <Lab2.out>
ENTRY POINT SYMBOL: "_c_int00_noargs"  address: 0000387d


MEMORY CONFIGURATION

         name            origin    length      used     unused   attr    fill
----------------------  --------  ---------  --------  --------  ----  --------
  FLASH                 00000000   00040000  00003c2f  0003c3d1  R  X
  SRAM                  20000000   00008000  00002311  00005cef  RW X


SEGMENT ALLOCATION MAP

run origin  load origin   length   init length attrs members
----------  ----------- ---------- ----------- ----- -------
00000000    00000000    00003c30   00003c30    r-x
  00000000    00000000    0000026c   0000026c    r-- .intvecs
  0000026c    0000026c    00003830   00003830    r-x .text
  00003a9c    00003a9c    00000143   00000143    r-- .const
  00003be0    00003be0    00000050   00000050    r-- .cinit
20000000    20000000    00002315   00000000    rw-
  20000000    20000000    0000026c   00000000    rw- .vtable
  20000270    20000270    00001000   00000000    rw- .stack
  20001270    20001270    00001000   00000000    rw- .sysmem
  20002270    20002270    00000070   00000000    rw- .bss
  200022e0    200022e0    00000035   00000000    rw- .data


SECTION ALLOCATION MAP

 output                                  attributes/
section   page    origin      length       input sections
--------  ----  ----------  ----------   ----------------
.intvecs   0    00000000    0000026c     
                  00000000    0000026c     tm4c123gh6pm_startup_ccs.obj (.intvecs)

.text      0    0000026c    00003830     
                  0000026c    00000c20     open_interface.obj (.text)
                  00000e8c    00000a4e     rtsv7M4_T_le_v4SPD16_eabi.lib : _printfi.c.obj (.text:__TI_printfi)
                  000018da    00000002                                   : _lock.c.obj (.text:_nop)
                  000018dc    000003a4     movement.obj (.text)
                  00001c80    00000328     lcd.obj (.text)
                  00001fa8    00000270     rtsv7M4_T_le_v4SPD16_eabi.lib : _printfi.c.obj (.text:_pconv_a)
                  00002218    00000248     Timer.obj (.text)
                  00002460    000001d0     rtsv7M4_T_le_v4SPD16_eabi.lib : _printfi.c.obj (.text:_pconv_g)
                  00002630    000001b6                                   : fd_add_t2.asm.obj (.text)
                  000027e6    00000002                                   : div0.asm.obj (.text)
                  000027e8    0000013c                                   : _printfi.c.obj (.text:_pconv_e)
                  00002924    00000136                                   : fd_div_t2.asm.obj (.text)
                  00002a5a    00000002     --HOLE-- [fill = 0]
                  00002a5c    00000124                                   : _printfi.c.obj (.text:fcvt)
                  00002b80    00000110                                   : s_scalbn.c.obj (.text:scalbn)
                  00002c90    00000100                                   : memory.c.obj (.text:aligned_alloc)
                  00002d90    000000fc                                   : fd_mul_t2.asm.obj (.text)
                  00002e8c    000000e4                                   : memory.c.obj (.text:free)
                  00002f70    000000b1                                   : _printfi.c.obj (.text:_ltostr)
                  00003021    00000001     --HOLE-- [fill = 0]
                  00003022    0000009c                                   : memcpy_t2.asm.obj (.text)
                  000030be    00000096                                   : ull_div_t2.asm.obj (.text)
                  00003154    00000090     main.obj (.text)
                  000031e4    00000086     rtsv7M4_T_le_v4SPD16_eabi.lib : fd_cmp_t2.asm.obj (.text:__aeabi_cdcmple)
                  0000326a    00000086                                   : fd_cmp_t2.asm.obj (.text:__aeabi_cdrcmple)
                  000032f0    0000007a                                   : memset_t2.asm.obj (.text)
                  0000336a    00000002     --HOLE-- [fill = 0]
                  0000336c    00000070                                   : memory.c.obj (.text:split)
                  000033dc    0000006e                                   : _printfi.c.obj (.text:_mcpy)
                  0000344a    0000006e                                   : fd_tos_t2.asm.obj (.text)
                  000034b8    00000068                                   : copy_decompress_lzss.c.obj (.text:decompress:lzss:__TI_decompress_lzss)
                  00003520    00000064                                   : s_frexp.c.obj (.text:frexp)
                  00003584    00000056                                   : _printfi.c.obj (.text:_pconv_f)
                  000035da    00000054                                   : _ltoa.c.obj (.text:__TI_ltoa)
                  0000362e    00000052                                   : _printfi.c.obj (.text:_ecpy)
                  00003680    0000004c                                   : atoi.c.obj (.text:atoi)
                  000036cc    00000048                                   : fd_toi_t2.asm.obj (.text)
                  00003714    00000044                                   : autoinit.c.obj (.text:__TI_auto_init_nobinit_nopinit:__TI_auto_init_nobinit_nopinit)
                  00003758    00000040                                   : vsnprintf.c.obj (.text:vsnprintf)
                  00003798    0000003e                                   : _printfi.c.obj (.text:_fcpy)
                  000037d6    00000002     --HOLE-- [fill = 0]
                  000037d8    00000038                                   : memory.c.obj (.text:calloc)
                  00003810    00000038                                   : fs_tod_t2.asm.obj (.text)
                  00003848    00000034     driverlib.lib : interrupt.obj (.text:IntRegister)
                  0000387c    00000034     rtsv7M4_T_le_v4SPD16_eabi.lib : boot_cortex_m.c.obj (.text:_c_int00_noargs:_c_int00_noargs)
                  000038b0    00000030                                   : vsnprintf.c.obj (.text:_outs)
                  000038e0    0000002e                                   : i_tofd_t2.asm.obj (.text)
                  0000390e    00000002     --HOLE-- [fill = 0]
                  00003910    00000028                                   : memory.c.obj (.text:free_list_insert)
                  00003938    0000001c                                   : copy_zero_init.c.obj (.text:decompress:ZI:__TI_zero_init_nomemset:__TI_zero_init_nomemset)
                  00003954    0000001c                                   : memory.c.obj (.text:free_list_remove)
                  00003970    0000001c                                   : memccpy.c.obj (.text:memccpy)
                  0000398c    0000001a                                   : s_copysign.c.obj (.text:copysign)
                  000039a6    00000018                                   : vsnprintf.c.obj (.text:_outc)
                  000039be    00000018     open_interface.obj (.text:oi_parseInt)
                  000039d6    00000018     rtsv7M4_T_le_v4SPD16_eabi.lib : strcmp.c.obj (.text:strcmp)
                  000039ee    00000016                                   : strchr.c.obj (.text:strchr)
                  00003a04    00000014                                   : strcpy.c.obj (.text:strcpy)
                  00003a18    00000014                                   : strlen.c.obj (.text:strlen)
                  00003a2c    00000012                                   : wcslen.c.obj (.text:wcslen)
                  00003a3e    00000010     driverlib.lib : interrupt.obj (.text:IntMasterEnable)
                  00003a4e    00000010     lcd.obj (.text:lcd_clear)
                  00003a5e    0000000e     rtsv7M4_T_le_v4SPD16_eabi.lib : copy_decompress_none.c.obj (.text:decompress:none:__TI_decompress_none)
                  00003a6c    0000000c     driverlib.lib : cpu.obj (.text:CPUcpsie)
                  00003a78    0000000c     tm4c123gh6pm_startup_ccs.obj (.text)
                  00003a84    00000008     rtsv7M4_T_le_v4SPD16_eabi.lib : errno.c.obj (.text:__aeabi_errno_addr)
                  00003a8c    00000008                                   : memory.c.obj (.text:malloc)
                  00003a94    00000004                                   : pre_init.c.obj (.text:_system_pre_init)
                  00003a98    00000004                                   : exit.c.obj (.text:abort:abort)

.const     0    00003a9c    00000143     
                  00003a9c    00000101     rtsv7M4_T_le_v4SPD16_eabi.lib : ctype.c.obj (.const:.string:_ctypes_)
                  00003b9d    0000002b     main.obj (.const:.string:$P$T0$1)
                  00003bc8    0000000f     open_interface.obj (.const:.string:$P$T0$3)
                  00003bd7    00000004     lcd.obj (.const:.string:lineAddress$1)
                  00003bdb    00000004     lcd.obj (.const:.string:lineAddresses$2)

.cinit     0    00003be0    00000050     
                  00003be0    00000018     (.cinit..data.load) [load image, compression = lzss]
                  00003bf8    0000000c     (__TI_handler_table)
                  00003c04    00000004     --HOLE-- [fill = 0]
                  00003c08    00000008     (.cinit..bss.load) [load image, compression = zero_init]
                  00003c10    00000008     (.cinit..vtable.load) [load image, compression = zero_init]
                  00003c18    00000018     (__TI_cinit_table)

.init_array 
*          0    00000000    00000000     UNINITIALIZED

.vtable    0    20000000    0000026c     UNINITIALIZED
                  20000000    0000026c     driverlib.lib : interrupt.obj (.vtable)

.stack     0    20000270    00001000     UNINITIALIZED
                  20000270    00000004     rtsv7M4_T_le_v4SPD16_eabi.lib : boot_cortex_m.c.obj (.stack)
                  20000274    00000ffc     --HOLE--

.sysmem    0    20001270    00001000     UNINITIALIZED
                  20001270    00000010     rtsv7M4_T_le_v4SPD16_eabi.lib : memory.c.obj (.sysmem)
                  20001280    00000ff0     --HOLE--

.bss       0    20002270    00000070     UNINITIALIZED
                  20002270    00000054     lcd.obj (.bss:lastbuffer$3)
                  200022c4    00000018     open_interface.obj (.bss:firmware$2)
                  200022dc    00000004     (.common:_timeout_ticks)

.data      0    200022e0    00000035     UNINITIALIZED
                  200022e0    00000020     open_interface.obj (.data)
                  20002300    00000008     rtsv7M4_T_le_v4SPD16_eabi.lib : _lock.c.obj (.data:$O1$$)
                  20002308    00000008                                   : memory.c.obj (.data:$O1$$)
                  20002310    00000004                                   : errno.c.obj (.data)
                  20002314    00000001     Timer.obj (.data)

__llvm_prf_cnts 
*          0    20000000    00000000     UNINITIALIZED

MODULE SUMMARY

       Module                         code    ro data   rw data
       ------                         ----    -------   -------
    .\
       open_interface.obj             3128    15        56     
       movement.obj                   932     0         0      
       lcd.obj                        824     8         84     
       tm4c123gh6pm_startup_ccs.obj   12      620       0      
       Timer.obj                      584     0         5      
       main.obj                       144     43        0      
    +--+------------------------------+-------+---------+---------+
       Total:                         5624    686       145    
                                                               
    C:/ti/TivaWare_C_Series-2.2.0.295/driverlib/ccs/Debug/driverlib.lib
       interrupt.obj                  68      0         620    
       cpu.obj                        12      0         0      
    +--+------------------------------+-------+---------+---------+
       Total:                         80      0         620    
                                                               
    C:\ti\ccs1271\ccs\tools\compiler\ti-cgt-arm_20.2.7.LTS\lib\rtsv7M4_T_le_v4SPD16_eabi.lib
       _printfi.c.obj                 4851    0         0      
       memory.c.obj                   728     0         8      
       fd_add_t2.asm.obj              438     0         0      
       fd_div_t2.asm.obj              310     0         0      
       s_scalbn.c.obj                 272     0         0      
       fd_cmp_t2.asm.obj              268     0         0      
       ctype.c.obj                    0       257       0      
       fd_mul_t2.asm.obj              252     0         0      
       memcpy_t2.asm.obj              156     0         0      
       ull_div_t2.asm.obj             150     0         0      
       vsnprintf.c.obj                136     0         0      
       memset_t2.asm.obj              122     0         0      
       fd_tos_t2.asm.obj              110     0         0      
       copy_decompress_lzss.c.obj     104     0         0      
       s_frexp.c.obj                  100     0         0      
       _ltoa.c.obj                    84      0         0      
       atoi.c.obj                     76      0         0      
       fd_toi_t2.asm.obj              72      0         0      
       autoinit.c.obj                 68      0         0      
       fs_tod_t2.asm.obj              56      0         0      
       boot_cortex_m.c.obj            52      0         0      
       i_tofd_t2.asm.obj              46      0         0      
       copy_zero_init.c.obj           28      0         0      
       memccpy.c.obj                  28      0         0      
       s_copysign.c.obj               26      0         0      
       strcmp.c.obj                   24      0         0      
       strchr.c.obj                   22      0         0      
       strcpy.c.obj                   20      0         0      
       strlen.c.obj                   20      0         0      
       wcslen.c.obj                   18      0         0      
       copy_decompress_none.c.obj     14      0         0      
       errno.c.obj                    8       0         4      
       _lock.c.obj                    2       0         8      
       exit.c.obj                     4       0         0      
       pre_init.c.obj                 4       0         0      
       div0.asm.obj                   2       0         0      
    +--+------------------------------+-------+---------+---------+
       Total:                         8671    257       20     
                                                               
       Heap:                          0       0         4096   
       Stack:                         0       0         4096   
       Linker Generated:              0       76        0      
    +--+------------------------------+-------+---------+---------+
       Grand Total:                   14375   1019      8977   


LINKER GENERATED COPY TABLES

__TI_cinit_table @ 00003c18 records: 3, size/record: 8, table size: 24
	.data: load addr=00003be0, load size=00000018 bytes, run addr=200022e0, run size=00000035 bytes, compression=lzss
	.bss: load addr=00003c08, load size=00000008 bytes, run addr=20002270, run size=00000070 bytes, compression=zero_init
	.vtable: load addr=00003c10, load size=00000008 bytes, run addr=20000000, run size=0000026c bytes, compression=zero_init


LINKER GENERATED HANDLER TABLE

__TI_handler_table @ 00003bf8 records: 3, size/record: 4, table size: 12
	index: 0, handler: __TI_zero_init
	index: 1, handler: __TI_decompress_lzss
	index: 2, handler: __TI_decompress_none


GLOBAL SYMBOLS: SORTED ALPHABETICALLY BY Name 

address   name                          
-------   ----                          
00003a99  C$$EXIT                       
00003a6d  CPUcpsie                      
00000bc3  GPIOF_Handler                 
00003a3f  IntMasterEnable               
00003849  IntRegister                   
00003a79  ResetISR                      
20001270  __STACK_END                   
00001000  __STACK_SIZE                  
20000470  __STACK_TOP                   
00001000  __SYSMEM_SIZE                 
00003c18  __TI_CINIT_Base               
00003c30  __TI_CINIT_Limit              
00003bf8  __TI_Handler_Table_Base       
00003c04  __TI_Handler_Table_Limit      
00003715  __TI_auto_init_nobinit_nopinit
000034b9  __TI_decompress_lzss          
00003a5f  __TI_decompress_none          
000035db  __TI_ltoa                     
ffffffff  __TI_pprof_out_hndl           
00000e8d  __TI_printfi                  
ffffffff  __TI_prof_data_size           
ffffffff  __TI_prof_data_start          
00000000  __TI_static_base__            
00003939  __TI_zero_init_nomemset       
000031e5  __aeabi_cdcmpeq               
000031e5  __aeabi_cdcmple               
0000326b  __aeabi_cdrcmple              
0000344b  __aeabi_d2f                   
000036cd  __aeabi_d2iz                  
0000263b  __aeabi_dadd                  
00002925  __aeabi_ddiv                  
00002d91  __aeabi_dmul                  
00002631  __aeabi_dsub                  
00003a85  __aeabi_errno_addr            
00003811  __aeabi_f2d                   
000038e1  __aeabi_i2d                   
000027e7  __aeabi_idiv0                 
000027e7  __aeabi_ldiv0                 
000032f1  __aeabi_memclr                
000032f1  __aeabi_memclr4               
000032f1  __aeabi_memclr8               
00003023  __aeabi_memcpy                
00003023  __aeabi_memcpy4               
00003023  __aeabi_memcpy8               
000032f3  __aeabi_memset                
000032f3  __aeabi_memset4               
000032f3  __aeabi_memset8               
000030bf  __aeabi_uldivmod              
ffffffff  __binit__                     
ffffffff  __c_args__                    
UNDEFED   __mpu_init                    
20000270  __stack                       
20000000  __start___llvm_prf_cnts       
20000000  __stop___llvm_prf_cnts        
0000387d  _c_int00_noargs               
00003a9c  _ctypes_                      
20002300  _lock                         
000018db  _nop                          
20002314  _running                      
20001270  _sys_memory                   
UNDEFED   _system_post_cinit            
00003a95  _system_pre_init              
200022dc  _timeout_ticks                
20002304  _unlock                       
00003a99  abort                         
00002c91  aligned_alloc                 
00003681  atoi                          
ffffffff  binit                         
000037d9  calloc                        
0000398d  copysign                      
0000398d  copysignl                     
20002310  errno                         
00002e8d  free                          
00003521  frexp                         
00003521  frexpl                        
20000000  g_pfnRAMVectors               
00000000  g_pfnVectors                  
0000097f  go_charge                     
00003a4f  lcd_clear                     
00001e55  lcd_gotoLine                  
00001cbd  lcd_init                      
00001ebb  lcd_printf                    
00001d7d  lcd_putc                      
00001db5  lcd_puts                      
00001c81  lcd_reverseNibble             
00003155  lcd_rotatingBanner            
00001dd3  lcd_sendCommand               
00001e11  lcd_sendNibble                
00001e7d  lcd_setCursorPos              
00002b81  ldexp                         
00002b81  ldexpl                        
000031a9  main                          
00003a8d  malloc                        
00002c91  memalign                      
00003971  memccpy                       
00003023  memcpy                        
000032f9  memset                        
200022e0  motor_cal_factor_L            
200022e4  motor_cal_factor_R            
00001b8d  move_backward                 
000019cd  move_forward                  
00001a49  move_forward_bump             
0000026d  oi_alloc                      
00000aa9  oi_checkFirmware              
000002c7  oi_close                      
00000279  oi_free                       
00000ded  oi_getMotorCalibrationLeft    
00000e01  oi_getMotorCalibrationRight   
000002b1  oi_init                       
00000289  oi_init_noupdate              
00000915  oi_loadSong                   
000039bf  oi_parseInt                   
0000032b  oi_parsePacket                
0000096b  oi_play_song                  
0000084b  oi_setLeds                    
00000db1  oi_setMotorCalibration        
0000088f  oi_setWheels                  
00000b51  oi_shutoff_init               
0000098d  oi_uartInit                   
00000a31  oi_uartReceive                
00000a77  oi_uartSendBuff               
00000a15  oi_uartSendChar               
00000a59  oi_uartSendStr                
000002d9  oi_update                     
00002b81  scalbn                        
00002b81  scalbnl                       
000039ef  strchr                        
000039d7  strcmp                        
00003a05  strcpy                        
00003a19  strlen                        
00002337  timer_getMicros               
000022df  timer_getMillis               
00002219  timer_init                    
000022bb  timer_pause                   
000022cd  timer_resume                  
00002291  timer_stop                    
00002391  timer_waitMicros              
000023c3  timer_waitMillis              
00001957  turn_left                     
000018dd  turn_right                    
00003759  vsnprintf                     
00003a2d  wcslen                        


GLOBAL SYMBOLS: SORTED BY Symbol Address 

address   name                          
-------   ----                          
00000000  __TI_static_base__            
00000000  g_pfnVectors                  
0000026d  oi_alloc                      
00000279  oi_free                       
00000289  oi_init_noupdate              
000002b1  oi_init                       
000002c7  oi_close                      
000002d9  oi_update                     
0000032b  oi_parsePacket                
0000084b  oi_setLeds                    
0000088f  oi_setWheels                  
00000915  oi_loadSong                   
0000096b  oi_play_song                  
0000097f  go_charge                     
0000098d  oi_uartInit                   
00000a15  oi_uartSendChar               
00000a31  oi_uartReceive                
00000a59  oi_uartSendStr                
00000a77  oi_uartSendBuff               
00000aa9  oi_checkFirmware              
00000b51  oi_shutoff_init               
00000bc3  GPIOF_Handler                 
00000db1  oi_setMotorCalibration        
00000ded  oi_getMotorCalibrationLeft    
00000e01  oi_getMotorCalibrationRight   
00000e8d  __TI_printfi                  
00001000  __STACK_SIZE                  
00001000  __SYSMEM_SIZE                 
000018db  _nop                          
000018dd  turn_right                    
00001957  turn_left                     
000019cd  move_forward                  
00001a49  move_forward_bump             
00001b8d  move_backward                 
00001c81  lcd_reverseNibble             
00001cbd  lcd_init                      
00001d7d  lcd_putc                      
00001db5  lcd_puts                      
00001dd3  lcd_sendCommand               
00001e11  lcd_sendNibble                
00001e55  lcd_gotoLine                  
00001e7d  lcd_setCursorPos              
00001ebb  lcd_printf                    
00002219  timer_init                    
00002291  timer_stop                    
000022bb  timer_pause                   
000022cd  timer_resume                  
000022df  timer_getMillis               
00002337  timer_getMicros               
00002391  timer_waitMicros              
000023c3  timer_waitMillis              
00002631  __aeabi_dsub                  
0000263b  __aeabi_dadd                  
000027e7  __aeabi_idiv0                 
000027e7  __aeabi_ldiv0                 
00002925  __aeabi_ddiv                  
00002b81  ldexp                         
00002b81  ldexpl                        
00002b81  scalbn                        
00002b81  scalbnl                       
00002c91  aligned_alloc                 
00002c91  memalign                      
00002d91  __aeabi_dmul                  
00002e8d  free                          
00003023  __aeabi_memcpy                
00003023  __aeabi_memcpy4               
00003023  __aeabi_memcpy8               
00003023  memcpy                        
000030bf  __aeabi_uldivmod              
00003155  lcd_rotatingBanner            
000031a9  main                          
000031e5  __aeabi_cdcmpeq               
000031e5  __aeabi_cdcmple               
0000326b  __aeabi_cdrcmple              
000032f1  __aeabi_memclr                
000032f1  __aeabi_memclr4               
000032f1  __aeabi_memclr8               
000032f3  __aeabi_memset                
000032f3  __aeabi_memset4               
000032f3  __aeabi_memset8               
000032f9  memset                        
0000344b  __aeabi_d2f                   
000034b9  __TI_decompress_lzss          
00003521  frexp                         
00003521  frexpl                        
000035db  __TI_ltoa                     
00003681  atoi                          
000036cd  __aeabi_d2iz                  
00003715  __TI_auto_init_nobinit_nopinit
00003759  vsnprintf                     
000037d9  calloc                        
00003811  __aeabi_f2d                   
00003849  IntRegister                   
0000387d  _c_int00_noargs               
000038e1  __aeabi_i2d                   
00003939  __TI_zero_init_nomemset       
00003971  memccpy                       
0000398d  copysign                      
0000398d  copysignl                     
000039bf  oi_parseInt                   
000039d7  strcmp                        
000039ef  strchr                        
00003a05  strcpy                        
00003a19  strlen                        
00003a2d  wcslen                        
00003a3f  IntMasterEnable               
00003a4f  lcd_clear                     
00003a5f  __TI_decompress_none          
00003a6d  CPUcpsie                      
00003a79  ResetISR                      
00003a85  __aeabi_errno_addr            
00003a8d  malloc                        
00003a95  _system_pre_init              
00003a99  C$$EXIT                       
00003a99  abort                         
00003a9c  _ctypes_                      
00003bf8  __TI_Handler_Table_Base       
00003c04  __TI_Handler_Table_Limit      
00003c18  __TI_CINIT_Base               
00003c30  __TI_CINIT_Limit              
20000000  __start___llvm_prf_cnts       
20000000  __stop___llvm_prf_cnts        
20000000  g_pfnRAMVectors               
20000270  __stack                       
20000470  __STACK_TOP                   
20001270  __STACK_END                   
20001270  _sys_memory                   
200022dc  _timeout_ticks                
200022e0  motor_cal_factor_L            
200022e4  motor_cal_factor_R            
20002300  _lock                         
20002304  _unlock                       
20002310  errno                         
20002314  _running                      
ffffffff  __TI_pprof_out_hndl           
ffffffff  __TI_prof_data_size           
ffffffff  __TI_prof_data_start          
ffffffff  __binit__                     
ffffffff  __c_args__                    
ffffffff  binit                         
UNDEFED   __mpu_init                    
UNDEFED   _system_post_cinit            

[142 symbols]
