<?xml version="1.0" encoding="ISO-8859-1" ?>
<link_info>
   <banner>TI ARM Linker PC v20.2.7.LTS</banner>
   <copyright>Copyright (c) 1996-2018 Texas Instruments Incorporated</copyright>
   <link_time>0x67b8e04a</link_time>
   <link_errors>0x0</link_errors>
   <output_file>Lab3.out</output_file>
   <entry_point>
      <name>_c_int00_noargs</name>
      <address>0x61e5</address>
   </entry_point>
   <input_file_list>
      <input_file id="fl-2">
         <path>.\</path>
         <kind>object</kind>
         <file>Timer.obj</file>
         <name>Timer.obj</name>
      </input_file>
      <input_file id="fl-3">
         <path>.\</path>
         <kind>object</kind>
         <file>lcd.obj</file>
         <name>lcd.obj</name>
      </input_file>
      <input_file id="fl-4">
         <path>.\</path>
         <kind>object</kind>
         <file>main.obj</file>
         <name>main.obj</name>
      </input_file>
      <input_file id="fl-5">
         <path>.\</path>
         <kind>object</kind>
         <file>movement.obj</file>
         <name>movement.obj</name>
      </input_file>
      <input_file id="fl-6">
         <path>.\</path>
         <kind>object</kind>
         <file>open_interface.obj</file>
         <name>open_interface.obj</name>
      </input_file>
      <input_file id="fl-7">
         <path>.\</path>
         <kind>object</kind>
         <file>tm4c123gh6pm_startup_ccs.obj</file>
         <name>tm4c123gh6pm_startup_ccs.obj</name>
      </input_file>
      <input_file id="fl-e">
         <kind>object</kind>
         <file>&lt;internal&gt;</file>
         <name>&lt;internal&gt;</name>
      </input_file>
      <input_file id="fl-f">
         <path>..\</path>
         <kind>archive</kind>
         <file>libcybotScan.lib</file>
         <name>cyBot_Scan.obj</name>
      </input_file>
      <input_file id="fl-10">
         <path>..\</path>
         <kind>archive</kind>
         <file>libcybotScan.lib</file>
         <name>ir.obj</name>
      </input_file>
      <input_file id="fl-11">
         <path>..\</path>
         <kind>archive</kind>
         <file>libcybotScan.lib</file>
         <name>ping.obj</name>
      </input_file>
      <input_file id="fl-12">
         <path>..\</path>
         <kind>archive</kind>
         <file>libcybotScan.lib</file>
         <name>servo.obj</name>
      </input_file>
      <input_file id="fl-13">
         <path>..\</path>
         <kind>archive</kind>
         <file>libcybotUART.lib</file>
         <name>uart.obj</name>
      </input_file>
      <input_file id="fl-c9">
         <path>C:\ti\ccs1271\ccs\tools\compiler\ti-cgt-arm_20.2.7.LTS\lib\</path>
         <kind>archive</kind>
         <file>rtsv7M4_T_le_v4SPD16_eabi.lib</file>
         <name>e_asin.c.obj</name>
      </input_file>
      <input_file id="fl-ca">
         <path>C:\ti\ccs1271\ccs\tools\compiler\ti-cgt-arm_20.2.7.LTS\lib\</path>
         <kind>archive</kind>
         <file>rtsv7M4_T_le_v4SPD16_eabi.lib</file>
         <name>e_sqrt.c.obj</name>
      </input_file>
      <input_file id="fl-cb">
         <path>C:\ti\ccs1271\ccs\tools\compiler\ti-cgt-arm_20.2.7.LTS\lib\</path>
         <kind>archive</kind>
         <file>rtsv7M4_T_le_v4SPD16_eabi.lib</file>
         <name>s_cos.c.obj</name>
      </input_file>
      <input_file id="fl-cc">
         <path>C:\ti\ccs1271\ccs\tools\compiler\ti-cgt-arm_20.2.7.LTS\lib\</path>
         <kind>archive</kind>
         <file>rtsv7M4_T_le_v4SPD16_eabi.lib</file>
         <name>s_sin.c.obj</name>
      </input_file>
      <input_file id="fl-cd">
         <path>C:\ti\ccs1271\ccs\tools\compiler\ti-cgt-arm_20.2.7.LTS\lib\</path>
         <kind>archive</kind>
         <file>rtsv7M4_T_le_v4SPD16_eabi.lib</file>
         <name>sprintf.c.obj</name>
      </input_file>
      <input_file id="fl-ce">
         <path>C:\ti\ccs1271\ccs\tools\compiler\ti-cgt-arm_20.2.7.LTS\lib\</path>
         <kind>archive</kind>
         <file>rtsv7M4_T_le_v4SPD16_eabi.lib</file>
         <name>vsnprintf.c.obj</name>
      </input_file>
      <input_file id="fl-cf">
         <path>C:\ti\ccs1271\ccs\tools\compiler\ti-cgt-arm_20.2.7.LTS\lib\</path>
         <kind>archive</kind>
         <file>rtsv7M4_T_le_v4SPD16_eabi.lib</file>
         <name>fd_add_t2.asm.obj</name>
      </input_file>
      <input_file id="fl-d0">
         <path>C:\ti\ccs1271\ccs\tools\compiler\ti-cgt-arm_20.2.7.LTS\lib\</path>
         <kind>archive</kind>
         <file>rtsv7M4_T_le_v4SPD16_eabi.lib</file>
         <name>fd_cmp_t2.asm.obj</name>
      </input_file>
      <input_file id="fl-d1">
         <path>C:\ti\ccs1271\ccs\tools\compiler\ti-cgt-arm_20.2.7.LTS\lib\</path>
         <kind>archive</kind>
         <file>rtsv7M4_T_le_v4SPD16_eabi.lib</file>
         <name>fd_div_t2.asm.obj</name>
      </input_file>
      <input_file id="fl-d2">
         <path>C:\ti\ccs1271\ccs\tools\compiler\ti-cgt-arm_20.2.7.LTS\lib\</path>
         <kind>archive</kind>
         <file>rtsv7M4_T_le_v4SPD16_eabi.lib</file>
         <name>fd_mul_t2.asm.obj</name>
      </input_file>
      <input_file id="fl-d3">
         <path>C:\ti\ccs1271\ccs\tools\compiler\ti-cgt-arm_20.2.7.LTS\lib\</path>
         <kind>archive</kind>
         <file>rtsv7M4_T_le_v4SPD16_eabi.lib</file>
         <name>fd_toi_t2.asm.obj</name>
      </input_file>
      <input_file id="fl-d4">
         <path>C:\ti\ccs1271\ccs\tools\compiler\ti-cgt-arm_20.2.7.LTS\lib\</path>
         <kind>archive</kind>
         <file>rtsv7M4_T_le_v4SPD16_eabi.lib</file>
         <name>fd_tos_t2.asm.obj</name>
      </input_file>
      <input_file id="fl-d5">
         <path>C:\ti\ccs1271\ccs\tools\compiler\ti-cgt-arm_20.2.7.LTS\lib\</path>
         <kind>archive</kind>
         <file>rtsv7M4_T_le_v4SPD16_eabi.lib</file>
         <name>fs_tod_t2.asm.obj</name>
      </input_file>
      <input_file id="fl-d6">
         <path>C:\ti\ccs1271\ccs\tools\compiler\ti-cgt-arm_20.2.7.LTS\lib\</path>
         <kind>archive</kind>
         <file>rtsv7M4_T_le_v4SPD16_eabi.lib</file>
         <name>i_tofd_t2.asm.obj</name>
      </input_file>
      <input_file id="fl-d7">
         <path>C:\ti\ccs1271\ccs\tools\compiler\ti-cgt-arm_20.2.7.LTS\lib\</path>
         <kind>archive</kind>
         <file>rtsv7M4_T_le_v4SPD16_eabi.lib</file>
         <name>memcpy_t2.asm.obj</name>
      </input_file>
      <input_file id="fl-d8">
         <path>C:\ti\ccs1271\ccs\tools\compiler\ti-cgt-arm_20.2.7.LTS\lib\</path>
         <kind>archive</kind>
         <file>rtsv7M4_T_le_v4SPD16_eabi.lib</file>
         <name>memset_t2.asm.obj</name>
      </input_file>
      <input_file id="fl-d9">
         <path>C:\ti\ccs1271\ccs\tools\compiler\ti-cgt-arm_20.2.7.LTS\lib\</path>
         <kind>archive</kind>
         <file>rtsv7M4_T_le_v4SPD16_eabi.lib</file>
         <name>copy_zero_init.c.obj</name>
      </input_file>
      <input_file id="fl-da">
         <path>C:\ti\ccs1271\ccs\tools\compiler\ti-cgt-arm_20.2.7.LTS\lib\</path>
         <kind>archive</kind>
         <file>rtsv7M4_T_le_v4SPD16_eabi.lib</file>
         <name>copy_decompress_none.c.obj</name>
      </input_file>
      <input_file id="fl-db">
         <path>C:\ti\ccs1271\ccs\tools\compiler\ti-cgt-arm_20.2.7.LTS\lib\</path>
         <kind>archive</kind>
         <file>rtsv7M4_T_le_v4SPD16_eabi.lib</file>
         <name>copy_decompress_lzss.c.obj</name>
      </input_file>
      <input_file id="fl-dc">
         <path>C:\ti\ccs1271\ccs\tools\compiler\ti-cgt-arm_20.2.7.LTS\lib\</path>
         <kind>archive</kind>
         <file>rtsv7M4_T_le_v4SPD16_eabi.lib</file>
         <name>memory.c.obj</name>
      </input_file>
      <input_file id="fl-dd">
         <path>C:\ti\ccs1271\ccs\tools\compiler\ti-cgt-arm_20.2.7.LTS\lib\</path>
         <kind>archive</kind>
         <file>rtsv7M4_T_le_v4SPD16_eabi.lib</file>
         <name>strcmp.c.obj</name>
      </input_file>
      <input_file id="fl-de">
         <path>C:\ti\ccs1271\ccs\tools\compiler\ti-cgt-arm_20.2.7.LTS\lib\</path>
         <kind>archive</kind>
         <file>rtsv7M4_T_le_v4SPD16_eabi.lib</file>
         <name>strcpy.c.obj</name>
      </input_file>
      <input_file id="fl-df">
         <path>C:\ti\ccs1271\ccs\tools\compiler\ti-cgt-arm_20.2.7.LTS\lib\</path>
         <kind>archive</kind>
         <file>rtsv7M4_T_le_v4SPD16_eabi.lib</file>
         <name>strlen.c.obj</name>
      </input_file>
      <input_file id="fl-e0">
         <path>C:\ti\ccs1271\ccs\tools\compiler\ti-cgt-arm_20.2.7.LTS\lib\</path>
         <kind>archive</kind>
         <file>rtsv7M4_T_le_v4SPD16_eabi.lib</file>
         <name>k_rem_pio2.c.obj</name>
      </input_file>
      <input_file id="fl-e1">
         <path>C:\ti\ccs1271\ccs\tools\compiler\ti-cgt-arm_20.2.7.LTS\lib\</path>
         <kind>archive</kind>
         <file>rtsv7M4_T_le_v4SPD16_eabi.lib</file>
         <name>boot_cortex_m.c.obj</name>
      </input_file>
      <input_file id="fl-e2">
         <path>C:\ti\ccs1271\ccs\tools\compiler\ti-cgt-arm_20.2.7.LTS\lib\</path>
         <kind>archive</kind>
         <file>rtsv7M4_T_le_v4SPD16_eabi.lib</file>
         <name>errno.c.obj</name>
      </input_file>
      <input_file id="fl-e3">
         <path>C:\ti\ccs1271\ccs\tools\compiler\ti-cgt-arm_20.2.7.LTS\lib\</path>
         <kind>archive</kind>
         <file>rtsv7M4_T_le_v4SPD16_eabi.lib</file>
         <name>k_cos.c.obj</name>
      </input_file>
      <input_file id="fl-e4">
         <path>C:\ti\ccs1271\ccs\tools\compiler\ti-cgt-arm_20.2.7.LTS\lib\</path>
         <kind>archive</kind>
         <file>rtsv7M4_T_le_v4SPD16_eabi.lib</file>
         <name>k_sin.c.obj</name>
      </input_file>
      <input_file id="fl-e5">
         <path>C:\ti\ccs1271\ccs\tools\compiler\ti-cgt-arm_20.2.7.LTS\lib\</path>
         <kind>archive</kind>
         <file>rtsv7M4_T_le_v4SPD16_eabi.lib</file>
         <name>s_floor.c.obj</name>
      </input_file>
      <input_file id="fl-e6">
         <path>C:\ti\ccs1271\ccs\tools\compiler\ti-cgt-arm_20.2.7.LTS\lib\</path>
         <kind>archive</kind>
         <file>rtsv7M4_T_le_v4SPD16_eabi.lib</file>
         <name>s_scalbn.c.obj</name>
      </input_file>
      <input_file id="fl-e7">
         <path>C:\ti\ccs1271\ccs\tools\compiler\ti-cgt-arm_20.2.7.LTS\lib\</path>
         <kind>archive</kind>
         <file>rtsv7M4_T_le_v4SPD16_eabi.lib</file>
         <name>_printfi.c.obj</name>
      </input_file>
      <input_file id="fl-e8">
         <path>C:\ti\ccs1271\ccs\tools\compiler\ti-cgt-arm_20.2.7.LTS\lib\</path>
         <kind>archive</kind>
         <file>rtsv7M4_T_le_v4SPD16_eabi.lib</file>
         <name>ull_div_t2.asm.obj</name>
      </input_file>
      <input_file id="fl-e9">
         <path>C:\ti\ccs1271\ccs\tools\compiler\ti-cgt-arm_20.2.7.LTS\lib\</path>
         <kind>archive</kind>
         <file>rtsv7M4_T_le_v4SPD16_eabi.lib</file>
         <name>autoinit.c.obj</name>
      </input_file>
      <input_file id="fl-ea">
         <path>C:\ti\ccs1271\ccs\tools\compiler\ti-cgt-arm_20.2.7.LTS\lib\</path>
         <kind>archive</kind>
         <file>rtsv7M4_T_le_v4SPD16_eabi.lib</file>
         <name>pre_init.c.obj</name>
      </input_file>
      <input_file id="fl-eb">
         <path>C:\ti\ccs1271\ccs\tools\compiler\ti-cgt-arm_20.2.7.LTS\lib\</path>
         <kind>archive</kind>
         <file>rtsv7M4_T_le_v4SPD16_eabi.lib</file>
         <name>cpy_tbl.c.obj</name>
      </input_file>
      <input_file id="fl-ec">
         <path>C:\ti\ccs1271\ccs\tools\compiler\ti-cgt-arm_20.2.7.LTS\lib\</path>
         <kind>archive</kind>
         <file>rtsv7M4_T_le_v4SPD16_eabi.lib</file>
         <name>exit.c.obj</name>
      </input_file>
      <input_file id="fl-ed">
         <path>C:\ti\ccs1271\ccs\tools\compiler\ti-cgt-arm_20.2.7.LTS\lib\</path>
         <kind>archive</kind>
         <file>rtsv7M4_T_le_v4SPD16_eabi.lib</file>
         <name>_lock.c.obj</name>
      </input_file>
      <input_file id="fl-ee">
         <path>C:\ti\ccs1271\ccs\tools\compiler\ti-cgt-arm_20.2.7.LTS\lib\</path>
         <kind>archive</kind>
         <file>rtsv7M4_T_le_v4SPD16_eabi.lib</file>
         <name>_ltoa.c.obj</name>
      </input_file>
      <input_file id="fl-ef">
         <path>C:\ti\ccs1271\ccs\tools\compiler\ti-cgt-arm_20.2.7.LTS\lib\</path>
         <kind>archive</kind>
         <file>rtsv7M4_T_le_v4SPD16_eabi.lib</file>
         <name>args_main.c.obj</name>
      </input_file>
      <input_file id="fl-f0">
         <path>C:\ti\ccs1271\ccs\tools\compiler\ti-cgt-arm_20.2.7.LTS\lib\</path>
         <kind>archive</kind>
         <file>rtsv7M4_T_le_v4SPD16_eabi.lib</file>
         <name>atoi.c.obj</name>
      </input_file>
      <input_file id="fl-f1">
         <path>C:\ti\ccs1271\ccs\tools\compiler\ti-cgt-arm_20.2.7.LTS\lib\</path>
         <kind>archive</kind>
         <file>rtsv7M4_T_le_v4SPD16_eabi.lib</file>
         <name>ctype.c.obj</name>
      </input_file>
      <input_file id="fl-f2">
         <path>C:\ti\ccs1271\ccs\tools\compiler\ti-cgt-arm_20.2.7.LTS\lib\</path>
         <kind>archive</kind>
         <file>rtsv7M4_T_le_v4SPD16_eabi.lib</file>
         <name>memccpy.c.obj</name>
      </input_file>
      <input_file id="fl-f3">
         <path>C:\ti\ccs1271\ccs\tools\compiler\ti-cgt-arm_20.2.7.LTS\lib\</path>
         <kind>archive</kind>
         <file>rtsv7M4_T_le_v4SPD16_eabi.lib</file>
         <name>strchr.c.obj</name>
      </input_file>
      <input_file id="fl-f4">
         <path>C:\ti\ccs1271\ccs\tools\compiler\ti-cgt-arm_20.2.7.LTS\lib\</path>
         <kind>archive</kind>
         <file>rtsv7M4_T_le_v4SPD16_eabi.lib</file>
         <name>wcslen.c.obj</name>
      </input_file>
      <input_file id="fl-f5">
         <path>C:\ti\ccs1271\ccs\tools\compiler\ti-cgt-arm_20.2.7.LTS\lib\</path>
         <kind>archive</kind>
         <file>rtsv7M4_T_le_v4SPD16_eabi.lib</file>
         <name>s_copysign.c.obj</name>
      </input_file>
      <input_file id="fl-f6">
         <path>C:\ti\ccs1271\ccs\tools\compiler\ti-cgt-arm_20.2.7.LTS\lib\</path>
         <kind>archive</kind>
         <file>rtsv7M4_T_le_v4SPD16_eabi.lib</file>
         <name>s_frexp.c.obj</name>
      </input_file>
      <input_file id="fl-f7">
         <path>C:\ti\ccs1271\ccs\tools\compiler\ti-cgt-arm_20.2.7.LTS\lib\</path>
         <kind>archive</kind>
         <file>rtsv7M4_T_le_v4SPD16_eabi.lib</file>
         <name>div0.asm.obj</name>
      </input_file>
      <input_file id="fl-f8">
         <path>C:\ti\TivaWare_C_Series-2.2.0.295\driverlib\ccs\Debug\</path>
         <kind>archive</kind>
         <file>driverlib.lib</file>
         <name>interrupt.obj</name>
      </input_file>
      <input_file id="fl-f9">
         <path>C:\ti\TivaWare_C_Series-2.2.0.295\driverlib\ccs\Debug\</path>
         <kind>archive</kind>
         <file>driverlib.lib</file>
         <name>cpu.obj</name>
      </input_file>
   </input_file_list>
   <object_component_list>
      <object_component id="oc-12">
         <name>.intvecs</name>
         <load_address>0x0</load_address>
         <run_address>0x0</run_address>
         <size>0x26c</size>
         <input_file_ref idref="fl-7"/>
      </object_component>
      <object_component id="oc-d7">
         <name>.text</name>
         <load_address>0x26c</load_address>
         <run_address>0x26c</run_address>
         <size>0xc20</size>
         <input_file_ref idref="fl-6"/>
      </object_component>
      <object_component id="oc-20b">
         <name>.text:__TI_printfi</name>
         <load_address>0xe8c</load_address>
         <run_address>0xe8c</run_address>
         <size>0xa4e</size>
         <input_file_ref idref="fl-e7"/>
      </object_component>
      <object_component id="oc-36c">
         <name>.text:_nop</name>
         <load_address>0x18da</load_address>
         <run_address>0x18da</run_address>
         <size>0x2</size>
         <input_file_ref idref="fl-ed"/>
      </object_component>
      <object_component id="oc-244">
         <name>.text:__kernel_rem_pio2</name>
         <load_address>0x18dc</load_address>
         <run_address>0x18dc</run_address>
         <size>0x738</size>
         <input_file_ref idref="fl-e0"/>
      </object_component>
      <object_component id="oc-129">
         <name>.text:sin</name>
         <load_address>0x2014</load_address>
         <run_address>0x2014</run_address>
         <size>0x5e0</size>
         <input_file_ref idref="fl-cc"/>
      </object_component>
      <object_component id="oc-11d">
         <name>.text:cos</name>
         <load_address>0x25f4</load_address>
         <run_address>0x25f4</run_address>
         <size>0x5dc</size>
         <input_file_ref idref="fl-cb"/>
      </object_component>
      <object_component id="oc-a2">
         <name>.text</name>
         <load_address>0x2bd0</load_address>
         <run_address>0x2bd0</run_address>
         <size>0x5a4</size>
         <input_file_ref idref="fl-4"/>
      </object_component>
      <object_component id="oc-134">
         <name>.text:asin</name>
         <load_address>0x3174</load_address>
         <run_address>0x3174</run_address>
         <size>0x3d4</size>
         <input_file_ref idref="fl-c9"/>
      </object_component>
      <object_component id="oc-13a">
         <name>.text</name>
         <load_address>0x3548</load_address>
         <run_address>0x3548</run_address>
         <size>0x3a4</size>
         <input_file_ref idref="fl-5"/>
      </object_component>
      <object_component id="oc-e3">
         <name>.text</name>
         <load_address>0x38ec</load_address>
         <run_address>0x38ec</run_address>
         <size>0x328</size>
         <input_file_ref idref="fl-3"/>
      </object_component>
      <object_component id="oc-315">
         <name>.text:_pconv_a</name>
         <load_address>0x3c14</load_address>
         <run_address>0x3c14</run_address>
         <size>0x270</size>
         <input_file_ref idref="fl-e7"/>
      </object_component>
      <object_component id="oc-e9">
         <name>.text</name>
         <load_address>0x3e84</load_address>
         <run_address>0x3e84</run_address>
         <size>0x260</size>
         <input_file_ref idref="fl-f"/>
      </object_component>
      <object_component id="oc-dd">
         <name>.text</name>
         <load_address>0x40e4</load_address>
         <run_address>0x40e4</run_address>
         <size>0x248</size>
         <input_file_ref idref="fl-2"/>
      </object_component>
      <object_component id="oc-1ef">
         <name>.text</name>
         <load_address>0x432c</load_address>
         <run_address>0x432c</run_address>
         <size>0x1ec</size>
         <input_file_ref idref="fl-11"/>
      </object_component>
      <object_component id="oc-303">
         <name>.text:_pconv_g</name>
         <load_address>0x4518</load_address>
         <run_address>0x4518</run_address>
         <size>0x1d0</size>
         <input_file_ref idref="fl-e7"/>
      </object_component>
      <object_component id="oc-113">
         <name>.text</name>
         <load_address>0x46e8</load_address>
         <run_address>0x46e8</run_address>
         <size>0x1b6</size>
         <input_file_ref idref="fl-cf"/>
      </object_component>
      <object_component id="oc-43d">
         <name>.text</name>
         <load_address>0x489e</load_address>
         <run_address>0x489e</run_address>
         <size>0x2</size>
         <input_file_ref idref="fl-f7"/>
      </object_component>
      <object_component id="oc-24a">
         <name>.text:__kernel_sin</name>
         <load_address>0x48a0</load_address>
         <run_address>0x48a0</run_address>
         <size>0x174</size>
         <input_file_ref idref="fl-e4"/>
      </object_component>
      <object_component id="oc-239">
         <name>.text:__kernel_cos</name>
         <load_address>0x4a14</load_address>
         <run_address>0x4a14</run_address>
         <size>0x170</size>
         <input_file_ref idref="fl-e3"/>
      </object_component>
      <object_component id="oc-ef">
         <name>.text</name>
         <load_address>0x4b84</load_address>
         <run_address>0x4b84</run_address>
         <size>0x15c</size>
         <input_file_ref idref="fl-13"/>
      </object_component>
      <object_component id="oc-1e9">
         <name>.text</name>
         <load_address>0x4ce0</load_address>
         <run_address>0x4ce0</run_address>
         <size>0x158</size>
         <input_file_ref idref="fl-12"/>
      </object_component>
      <object_component id="oc-123">
         <name>.text:sqrt</name>
         <load_address>0x4e38</load_address>
         <run_address>0x4e38</run_address>
         <size>0x158</size>
         <input_file_ref idref="fl-ca"/>
      </object_component>
      <object_component id="oc-30f">
         <name>.text:_pconv_e</name>
         <load_address>0x4f90</load_address>
         <run_address>0x4f90</run_address>
         <size>0x13c</size>
         <input_file_ref idref="fl-e7"/>
      </object_component>
      <object_component id="oc-12f">
         <name>.text</name>
         <load_address>0x50cc</load_address>
         <run_address>0x50cc</run_address>
         <size>0x136</size>
         <input_file_ref idref="fl-d1"/>
      </object_component>
      <object_component id="oc-3d5">
         <name>.text:fcvt</name>
         <load_address>0x5204</load_address>
         <run_address>0x5204</run_address>
         <size>0x124</size>
         <input_file_ref idref="fl-e7"/>
      </object_component>
      <object_component id="oc-1f5">
         <name>.text</name>
         <load_address>0x5328</load_address>
         <run_address>0x5328</run_address>
         <size>0x118</size>
         <input_file_ref idref="fl-10"/>
      </object_component>
      <object_component id="oc-33a">
         <name>.text:scalbn</name>
         <load_address>0x5440</load_address>
         <run_address>0x5440</run_address>
         <size>0x110</size>
         <input_file_ref idref="fl-e6"/>
      </object_component>
      <object_component id="oc-38b">
         <name>.text:aligned_alloc</name>
         <load_address>0x5550</load_address>
         <run_address>0x5550</run_address>
         <size>0x100</size>
         <input_file_ref idref="fl-dc"/>
      </object_component>
      <object_component id="oc-10e">
         <name>.text</name>
         <load_address>0x5650</load_address>
         <run_address>0x5650</run_address>
         <size>0xfc</size>
         <input_file_ref idref="fl-d2"/>
      </object_component>
      <object_component id="oc-340">
         <name>.text:floor</name>
         <load_address>0x574c</load_address>
         <run_address>0x574c</run_address>
         <size>0xf8</size>
         <input_file_ref idref="fl-e5"/>
      </object_component>
      <object_component id="oc-19a">
         <name>.text:free</name>
         <load_address>0x5844</load_address>
         <run_address>0x5844</run_address>
         <size>0xe4</size>
         <input_file_ref idref="fl-dc"/>
      </object_component>
      <object_component id="oc-2fd">
         <name>.text:_ltostr</name>
         <load_address>0x5928</load_address>
         <run_address>0x5928</run_address>
         <size>0xb1</size>
         <input_file_ref idref="fl-e7"/>
      </object_component>
      <object_component id="oc-3e">
         <name>.text</name>
         <load_address>0x59da</load_address>
         <run_address>0x59da</run_address>
         <size>0x9c</size>
         <input_file_ref idref="fl-d7"/>
      </object_component>
      <object_component id="oc-3bc">
         <name>.text</name>
         <load_address>0x5a76</load_address>
         <run_address>0x5a76</run_address>
         <size>0x96</size>
         <input_file_ref idref="fl-e8"/>
      </object_component>
      <object_component id="oc-23f">
         <name>.text:__aeabi_cdcmple</name>
         <load_address>0x5b0c</load_address>
         <run_address>0x5b0c</run_address>
         <size>0x86</size>
         <input_file_ref idref="fl-d0"/>
      </object_component>
      <object_component id="oc-262">
         <name>.text:__aeabi_cdrcmple</name>
         <load_address>0x5b92</load_address>
         <run_address>0x5b92</run_address>
         <size>0x86</size>
         <input_file_ref idref="fl-d0"/>
      </object_component>
      <object_component id="oc-96">
         <name>.text</name>
         <load_address>0x5c18</load_address>
         <run_address>0x5c18</run_address>
         <size>0x7a</size>
         <input_file_ref idref="fl-d8"/>
      </object_component>
      <object_component id="oc-42f">
         <name>.text:split</name>
         <load_address>0x5c94</load_address>
         <run_address>0x5c94</run_address>
         <size>0x70</size>
         <input_file_ref idref="fl-dc"/>
      </object_component>
      <object_component id="oc-3ce">
         <name>.text:_mcpy</name>
         <load_address>0x5d04</load_address>
         <run_address>0x5d04</run_address>
         <size>0x6e</size>
         <input_file_ref idref="fl-e7"/>
      </object_component>
      <object_component id="oc-1bf">
         <name>.text</name>
         <load_address>0x5d72</load_address>
         <run_address>0x5d72</run_address>
         <size>0x6e</size>
         <input_file_ref idref="fl-d4"/>
      </object_component>
      <object_component id="oc-15">
         <name>.text:decompress:lzss:__TI_decompress_lzss</name>
         <load_address>0x5de0</load_address>
         <run_address>0x5de0</run_address>
         <size>0x68</size>
         <input_file_ref idref="fl-db"/>
      </object_component>
      <object_component id="oc-3e3">
         <name>.text:frexp</name>
         <load_address>0x5e48</load_address>
         <run_address>0x5e48</run_address>
         <size>0x64</size>
         <input_file_ref idref="fl-f6"/>
      </object_component>
      <object_component id="oc-309">
         <name>.text:_pconv_f</name>
         <load_address>0x5eac</load_address>
         <run_address>0x5eac</run_address>
         <size>0x56</size>
         <input_file_ref idref="fl-e7"/>
      </object_component>
      <object_component id="oc-3c2">
         <name>.text:__TI_ltoa</name>
         <load_address>0x5f02</load_address>
         <run_address>0x5f02</run_address>
         <size>0x54</size>
         <input_file_ref idref="fl-ee"/>
      </object_component>
      <object_component id="oc-3c8">
         <name>.text:_ecpy</name>
         <load_address>0x5f56</load_address>
         <run_address>0x5f56</run_address>
         <size>0x52</size>
         <input_file_ref idref="fl-e7"/>
      </object_component>
      <object_component id="oc-2f7">
         <name>.text:atoi</name>
         <load_address>0x5fa8</load_address>
         <run_address>0x5fa8</run_address>
         <size>0x4c</size>
         <input_file_ref idref="fl-f0"/>
      </object_component>
      <object_component id="oc-118">
         <name>.text</name>
         <load_address>0x5ff4</load_address>
         <run_address>0x5ff4</run_address>
         <size>0x48</size>
         <input_file_ref idref="fl-d3"/>
      </object_component>
      <object_component id="oc-160">
         <name>.text:__TI_auto_init_nobinit_nopinit:__TI_auto_init_nobinit_nopinit</name>
         <load_address>0x603c</load_address>
         <run_address>0x603c</run_address>
         <size>0x44</size>
         <input_file_ref idref="fl-e9"/>
      </object_component>
      <object_component id="oc-f5">
         <name>.text:sprintf</name>
         <load_address>0x6080</load_address>
         <run_address>0x6080</run_address>
         <size>0x40</size>
         <input_file_ref idref="fl-cd"/>
      </object_component>
      <object_component id="oc-1d3">
         <name>.text:vsnprintf</name>
         <load_address>0x60c0</load_address>
         <run_address>0x60c0</run_address>
         <size>0x40</size>
         <input_file_ref idref="fl-ce"/>
      </object_component>
      <object_component id="oc-3db">
         <name>.text:_fcpy</name>
         <load_address>0x6100</load_address>
         <run_address>0x6100</run_address>
         <size>0x3e</size>
         <input_file_ref idref="fl-e7"/>
      </object_component>
      <object_component id="oc-194">
         <name>.text:calloc</name>
         <load_address>0x6140</load_address>
         <run_address>0x6140</run_address>
         <size>0x38</size>
         <input_file_ref idref="fl-dc"/>
      </object_component>
      <object_component id="oc-104">
         <name>.text</name>
         <load_address>0x6178</load_address>
         <run_address>0x6178</run_address>
         <size>0x38</size>
         <input_file_ref idref="fl-d5"/>
      </object_component>
      <object_component id="oc-1ad">
         <name>.text:IntRegister</name>
         <load_address>0x61b0</load_address>
         <run_address>0x61b0</run_address>
         <size>0x34</size>
         <input_file_ref idref="fl-f8"/>
      </object_component>
      <object_component id="oc-5c">
         <name>.text:_c_int00_noargs:_c_int00_noargs</name>
         <load_address>0x61e4</load_address>
         <run_address>0x61e4</run_address>
         <size>0x34</size>
         <input_file_ref idref="fl-e1"/>
      </object_component>
      <object_component id="oc-2bf">
         <name>.text:_outs</name>
         <load_address>0x6218</load_address>
         <run_address>0x6218</run_address>
         <size>0x30</size>
         <input_file_ref idref="fl-ce"/>
      </object_component>
      <object_component id="oc-109">
         <name>.text</name>
         <load_address>0x6248</load_address>
         <run_address>0x6248</run_address>
         <size>0x2e</size>
         <input_file_ref idref="fl-d6"/>
      </object_component>
      <object_component id="oc-29c">
         <name>.text:free_list_insert</name>
         <load_address>0x6278</load_address>
         <run_address>0x6278</run_address>
         <size>0x28</size>
         <input_file_ref idref="fl-dc"/>
      </object_component>
      <object_component id="oc-4a">
         <name>.text:decompress:ZI:__TI_zero_init_nomemset:__TI_zero_init_nomemset</name>
         <load_address>0x62a0</load_address>
         <run_address>0x62a0</run_address>
         <size>0x1c</size>
         <input_file_ref idref="fl-d9"/>
      </object_component>
      <object_component id="oc-296">
         <name>.text:free_list_remove</name>
         <load_address>0x62bc</load_address>
         <run_address>0x62bc</run_address>
         <size>0x1c</size>
         <input_file_ref idref="fl-dc"/>
      </object_component>
      <object_component id="oc-31b">
         <name>.text:memccpy</name>
         <load_address>0x62d8</load_address>
         <run_address>0x62d8</run_address>
         <size>0x1c</size>
         <input_file_ref idref="fl-f2"/>
      </object_component>
      <object_component id="oc-407">
         <name>.text:copysign</name>
         <load_address>0x62f4</load_address>
         <run_address>0x62f4</run_address>
         <size>0x1a</size>
         <input_file_ref idref="fl-f5"/>
      </object_component>
      <object_component id="oc-2c5">
         <name>.text:_outc</name>
         <load_address>0x630e</load_address>
         <run_address>0x630e</run_address>
         <size>0x18</size>
         <input_file_ref idref="fl-ce"/>
      </object_component>
      <object_component id="oc-211">
         <name>.text:_outs</name>
         <load_address>0x6326</load_address>
         <run_address>0x6326</run_address>
         <size>0x18</size>
         <input_file_ref idref="fl-cd"/>
      </object_component>
      <object_component id="oc-1a0">
         <name>.text:oi_parseInt</name>
         <load_address>0x633e</load_address>
         <run_address>0x633e</run_address>
         <size>0x18</size>
         <input_file_ref idref="fl-6"/>
      </object_component>
      <object_component id="oc-1a7">
         <name>.text:strcmp</name>
         <load_address>0x6356</load_address>
         <run_address>0x6356</run_address>
         <size>0x18</size>
         <input_file_ref idref="fl-dd"/>
      </object_component>
      <object_component id="oc-3e9">
         <name>.text:strchr</name>
         <load_address>0x636e</load_address>
         <run_address>0x636e</run_address>
         <size>0x16</size>
         <input_file_ref idref="fl-f3"/>
      </object_component>
      <object_component id="oc-1d9">
         <name>.text:strcpy</name>
         <load_address>0x6384</load_address>
         <run_address>0x6384</run_address>
         <size>0x14</size>
         <input_file_ref idref="fl-de"/>
      </object_component>
      <object_component id="oc-140">
         <name>.text:strlen</name>
         <load_address>0x6398</load_address>
         <run_address>0x6398</run_address>
         <size>0x14</size>
         <input_file_ref idref="fl-df"/>
      </object_component>
      <object_component id="oc-321">
         <name>.text:wcslen</name>
         <load_address>0x63ac</load_address>
         <run_address>0x63ac</run_address>
         <size>0x12</size>
         <input_file_ref idref="fl-f4"/>
      </object_component>
      <object_component id="oc-1b3">
         <name>.text:IntMasterEnable</name>
         <load_address>0x63be</load_address>
         <run_address>0x63be</run_address>
         <size>0x10</size>
         <input_file_ref idref="fl-f8"/>
      </object_component>
      <object_component id="oc-1cc">
         <name>.text:lcd_clear</name>
         <load_address>0x63ce</load_address>
         <run_address>0x63ce</run_address>
         <size>0x10</size>
         <input_file_ref idref="fl-3"/>
      </object_component>
      <object_component id="oc-1b">
         <name>.text:decompress:none:__TI_decompress_none</name>
         <load_address>0x63de</load_address>
         <run_address>0x63de</run_address>
         <size>0xe</size>
         <input_file_ref idref="fl-da"/>
      </object_component>
      <object_component id="oc-2af">
         <name>.text:CPUcpsie</name>
         <load_address>0x63ec</load_address>
         <run_address>0x63ec</run_address>
         <size>0xc</size>
         <input_file_ref idref="fl-f9"/>
      </object_component>
      <object_component id="oc-2a">
         <name>.text</name>
         <load_address>0x63f8</load_address>
         <run_address>0x63f8</run_address>
         <size>0xc</size>
         <input_file_ref idref="fl-7"/>
      </object_component>
      <object_component id="oc-217">
         <name>.text:_outc</name>
         <load_address>0x6404</load_address>
         <run_address>0x6404</run_address>
         <size>0xa</size>
         <input_file_ref idref="fl-cd"/>
      </object_component>
      <object_component id="oc-257">
         <name>.text:__aeabi_errno_addr</name>
         <load_address>0x6410</load_address>
         <run_address>0x6410</run_address>
         <size>0x8</size>
         <input_file_ref idref="fl-e2"/>
      </object_component>
      <object_component id="oc-28f">
         <name>.text:malloc</name>
         <load_address>0x6418</load_address>
         <run_address>0x6418</run_address>
         <size>0x8</size>
         <input_file_ref idref="fl-dc"/>
      </object_component>
      <object_component id="oc-9c">
         <name>.text:_system_pre_init</name>
         <load_address>0x6420</load_address>
         <run_address>0x6420</run_address>
         <size>0x4</size>
         <input_file_ref idref="fl-ea"/>
      </object_component>
      <object_component id="oc-154">
         <name>.text:abort:abort</name>
         <load_address>0x6424</load_address>
         <run_address>0x6424</run_address>
         <size>0x4</size>
         <input_file_ref idref="fl-ec"/>
      </object_component>
      <object_component id="oc-346">
         <name>.const:$O1$$</name>
         <load_address>0x6428</load_address>
         <run_address>0x6428</run_address>
         <size>0x158</size>
         <input_file_ref idref="fl-e0"/>
      </object_component>
      <object_component id="oc-3b7">
         <name>.const:.string:_ctypes_</name>
         <load_address>0x6580</load_address>
         <run_address>0x6580</run_address>
         <size>0x101</size>
         <input_file_ref idref="fl-f1"/>
      </object_component>
      <object_component id="oc-146">
         <name>.const:.string:$P$T1$2</name>
         <load_address>0x6681</load_address>
         <run_address>0x6681</run_address>
         <size>0x2b</size>
         <input_file_ref idref="fl-4"/>
      </object_component>
      <object_component id="oc-101">
         <name>.const:$P$T0$1</name>
         <load_address>0x66ac</load_address>
         <run_address>0x66ac</run_address>
         <size>0x10</size>
         <input_file_ref idref="fl-4"/>
      </object_component>
      <object_component id="oc-1bc">
         <name>.const:.string:$P$T0$3</name>
         <load_address>0x66bc</load_address>
         <run_address>0x66bc</run_address>
         <size>0xf</size>
         <input_file_ref idref="fl-6"/>
      </object_component>
      <object_component id="oc-1df">
         <name>.const:.string:lineAddress$1</name>
         <load_address>0x66cb</load_address>
         <run_address>0x66cb</run_address>
         <size>0x4</size>
         <input_file_ref idref="fl-3"/>
      </object_component>
      <object_component id="oc-1e0">
         <name>.const:.string:lineAddresses$2</name>
         <load_address>0x66cf</load_address>
         <run_address>0x66cf</run_address>
         <size>0x4</size>
         <input_file_ref idref="fl-3"/>
      </object_component>
      <object_component id="oc-496">
         <name>.cinit..data.load</name>
         <load_address>0x66d8</load_address>
         <run_address>0x66d8</run_address>
         <size>0x19</size>
      </object_component>
      <object_component id="oc-493">
         <name>__TI_handler_table</name>
         <load_address>0x66f4</load_address>
         <run_address>0x66f4</run_address>
         <size>0xc</size>
      </object_component>
      <object_component id="oc-497">
         <name>.cinit..bss.load</name>
         <load_address>0x6700</load_address>
         <run_address>0x6700</run_address>
         <size>0x8</size>
      </object_component>
      <object_component id="oc-495">
         <name>.cinit..vtable.load</name>
         <load_address>0x6708</load_address>
         <run_address>0x6708</run_address>
         <size>0x8</size>
      </object_component>
      <object_component id="oc-494">
         <name>__TI_cinit_table</name>
         <load_address>0x6710</load_address>
         <run_address>0x6710</run_address>
         <size>0x18</size>
      </object_component>
      <object_component id="oc-2a5">
         <name>.vtable</name>
         <uninitialized>true</uninitialized>
         <run_address>0x20000000</run_address>
         <size>0x26c</size>
         <input_file_ref idref="fl-f8"/>
      </object_component>
      <object_component id="oc-1c7">
         <name>.data</name>
         <load_address>0x2000236c</load_address>
         <run_address>0x2000236c</run_address>
         <size>0x1</size>
         <input_file_ref idref="fl-2"/>
      </object_component>
      <object_component id="oc-1b9">
         <name>.data</name>
         <load_address>0x20002330</load_address>
         <run_address>0x20002330</run_address>
         <size>0x20</size>
         <input_file_ref idref="fl-6"/>
      </object_component>
      <object_component id="oc-1fb">
         <name>.data</name>
         <load_address>0x20002360</load_address>
         <run_address>0x20002360</run_address>
         <size>0x4</size>
         <input_file_ref idref="fl-f"/>
      </object_component>
      <object_component id="oc-207">
         <name>.data</name>
         <load_address>0x20002364</load_address>
         <run_address>0x20002364</run_address>
         <size>0x4</size>
         <input_file_ref idref="fl-13"/>
      </object_component>
      <object_component id="oc-392">
         <name>.data:$O1$$</name>
         <load_address>0x20002358</load_address>
         <run_address>0x20002358</run_address>
         <size>0x8</size>
         <input_file_ref idref="fl-dc"/>
      </object_component>
      <object_component id="oc-35a">
         <name>.data</name>
         <load_address>0x20002368</load_address>
         <run_address>0x20002368</run_address>
         <size>0x4</size>
         <input_file_ref idref="fl-e2"/>
      </object_component>
      <object_component id="oc-273">
         <name>.data:$O1$$</name>
         <load_address>0x20002350</load_address>
         <run_address>0x20002350</run_address>
         <size>0x8</size>
         <input_file_ref idref="fl-ed"/>
      </object_component>
      <object_component id="oc-1e1">
         <name>.bss:lastbuffer$3</name>
         <uninitialized>true</uninitialized>
         <run_address>0x20002270</run_address>
         <size>0x54</size>
         <input_file_ref idref="fl-3"/>
      </object_component>
      <object_component id="oc-1c4">
         <name>.bss:firmware$2</name>
         <uninitialized>true</uninitialized>
         <run_address>0x200022f8</run_address>
         <size>0x18</size>
         <input_file_ref idref="fl-6"/>
      </object_component>
      <object_component id="oc-1ca">
         <name>.common:_timeout_ticks</name>
         <uninitialized>true</uninitialized>
         <run_address>0x20002310</run_address>
         <size>0x4</size>
      </object_component>
      <object_component id="oc-fb">
         <name>.common:right_calibration_value</name>
         <uninitialized>true</uninitialized>
         <run_address>0x20002324</run_address>
         <size>0x4</size>
      </object_component>
      <object_component id="oc-100">
         <name>.common:left_calibration_value</name>
         <uninitialized>true</uninitialized>
         <run_address>0x2000231c</run_address>
         <size>0x4</size>
      </object_component>
      <object_component id="oc-2e3">
         <name>.common:isr_int_value</name>
         <uninitialized>true</uninitialized>
         <run_address>0x20002318</run_address>
         <size>0x4</size>
      </object_component>
      <object_component id="oc-2df">
         <name>.common:risingEdge</name>
         <uninitialized>true</uninitialized>
         <run_address>0x20002328</run_address>
         <size>0x4</size>
      </object_component>
      <object_component id="oc-2e0">
         <name>.common:fallingEdge</name>
         <uninitialized>true</uninitialized>
         <run_address>0x20002314</run_address>
         <size>0x4</size>
      </object_component>
      <object_component id="oc-2e1">
         <name>.common:pulseLength</name>
         <uninitialized>true</uninitialized>
         <run_address>0x20002320</run_address>
         <size>0x4</size>
      </object_component>
      <object_component id="oc-2dc">
         <name>.common:isRisingEdge</name>
         <uninitialized>true</uninitialized>
         <run_address>0x2000232c</run_address>
         <size>0x1</size>
      </object_component>
      <object_component id="oc-204">
         <name>.common:isr_char_buffer</name>
         <uninitialized>true</uninitialized>
         <run_address>0x200022c4</run_address>
         <size>0x34</size>
      </object_component>
      <object_component id="oc-24">
         <name>.sysmem</name>
         <uninitialized>true</uninitialized>
         <run_address>0x20001270</run_address>
         <size>0x10</size>
         <input_file_ref idref="fl-dc"/>
      </object_component>
      <object_component id="oc-49a">
         <name>.sysmem</name>
         <uninitialized>true</uninitialized>
         <run_address>0x20001270</run_address>
         <size>0x0</size>
      </object_component>
      <object_component id="oc-27">
         <name>.stack</name>
         <uninitialized>true</uninitialized>
         <run_address>0x20000270</run_address>
         <size>0x4</size>
         <input_file_ref idref="fl-e1"/>
      </object_component>
      <object_component id="oc-499">
         <name>.stack</name>
         <uninitialized>true</uninitialized>
         <run_address>0x20000270</run_address>
         <size>0x0</size>
      </object_component>
      <object_component id="oc-c5">
         <name>.debug_info</name>
         <load_address>0x0</load_address>
         <run_address>0x0</run_address>
         <size>0x2b1</size>
         <input_file_ref idref="fl-2"/>
      </object_component>
      <object_component id="oc-1c8">
         <name>.debug_info</name>
         <load_address>0x2b1</load_address>
         <run_address>0x2b1</run_address>
         <size>0xbf</size>
         <input_file_ref idref="fl-2"/>
      </object_component>
      <object_component id="oc-de">
         <name>.debug_info</name>
         <load_address>0x370</load_address>
         <run_address>0x370</run_address>
         <size>0x507</size>
         <input_file_ref idref="fl-2"/>
      </object_component>
      <object_component id="oc-77">
         <name>.debug_info</name>
         <load_address>0x877</load_address>
         <run_address>0x877</run_address>
         <size>0x26b</size>
         <input_file_ref idref="fl-2"/>
      </object_component>
      <object_component id="oc-39">
         <name>.debug_info</name>
         <load_address>0xae2</load_address>
         <run_address>0xae2</run_address>
         <size>0x84</size>
         <input_file_ref idref="fl-2"/>
      </object_component>
      <object_component id="oc-c0">
         <name>.debug_info</name>
         <load_address>0xb66</load_address>
         <run_address>0xb66</run_address>
         <size>0x2a4</size>
         <input_file_ref idref="fl-2"/>
      </object_component>
      <object_component id="oc-7c">
         <name>.debug_info</name>
         <load_address>0xe0a</load_address>
         <run_address>0xe0a</run_address>
         <size>0xbb</size>
         <input_file_ref idref="fl-2"/>
      </object_component>
      <object_component id="oc-1e3">
         <name>.debug_info</name>
         <load_address>0xec5</load_address>
         <run_address>0xec5</run_address>
         <size>0x37f</size>
         <input_file_ref idref="fl-3"/>
      </object_component>
      <object_component id="oc-1cd">
         <name>.debug_info</name>
         <load_address>0x1244</load_address>
         <run_address>0x1244</run_address>
         <size>0x114</size>
         <input_file_ref idref="fl-3"/>
      </object_component>
      <object_component id="oc-e4">
         <name>.debug_info</name>
         <load_address>0x1358</load_address>
         <run_address>0x1358</run_address>
         <size>0x8a0</size>
         <input_file_ref idref="fl-3"/>
      </object_component>
      <object_component id="oc-22b">
         <name>.debug_info</name>
         <load_address>0x1bf8</load_address>
         <run_address>0x1bf8</run_address>
         <size>0xcc</size>
         <input_file_ref idref="fl-3"/>
      </object_component>
      <object_component id="oc-1e4">
         <name>.debug_info</name>
         <load_address>0x1cc4</load_address>
         <run_address>0x1cc4</run_address>
         <size>0x2c</size>
         <input_file_ref idref="fl-3"/>
      </object_component>
      <object_component id="oc-226">
         <name>.debug_info</name>
         <load_address>0x1cf0</load_address>
         <run_address>0x1cf0</run_address>
         <size>0x35</size>
         <input_file_ref idref="fl-3"/>
      </object_component>
      <object_component id="oc-fc">
         <name>.debug_info</name>
         <load_address>0x1d25</load_address>
         <run_address>0x1d25</run_address>
         <size>0x69f</size>
         <input_file_ref idref="fl-4"/>
      </object_component>
      <object_component id="oc-102">
         <name>.debug_info</name>
         <load_address>0x23c4</load_address>
         <run_address>0x23c4</run_address>
         <size>0xbb</size>
         <input_file_ref idref="fl-4"/>
      </object_component>
      <object_component id="oc-147">
         <name>.debug_info</name>
         <load_address>0x247f</load_address>
         <run_address>0x247f</run_address>
         <size>0xbb</size>
         <input_file_ref idref="fl-4"/>
      </object_component>
      <object_component id="oc-a3">
         <name>.debug_info</name>
         <load_address>0x253a</load_address>
         <run_address>0x253a</run_address>
         <size>0x99b</size>
         <input_file_ref idref="fl-4"/>
      </object_component>
      <object_component id="oc-221">
         <name>.debug_info</name>
         <load_address>0x2ed5</load_address>
         <run_address>0x2ed5</run_address>
         <size>0x5aa</size>
         <input_file_ref idref="fl-4"/>
      </object_component>
      <object_component id="oc-14f">
         <name>.debug_info</name>
         <load_address>0x347f</load_address>
         <run_address>0x347f</run_address>
         <size>0x9d</size>
         <input_file_ref idref="fl-4"/>
      </object_component>
      <object_component id="oc-14a">
         <name>.debug_info</name>
         <load_address>0x351c</load_address>
         <run_address>0x351c</run_address>
         <size>0x8b</size>
         <input_file_ref idref="fl-4"/>
      </object_component>
      <object_component id="oc-26a">
         <name>.debug_info</name>
         <load_address>0x35a7</load_address>
         <run_address>0x35a7</run_address>
         <size>0x32c</size>
         <input_file_ref idref="fl-5"/>
      </object_component>
      <object_component id="oc-13c">
         <name>.debug_info</name>
         <load_address>0x38d3</load_address>
         <run_address>0x38d3</run_address>
         <size>0x8ed</size>
         <input_file_ref idref="fl-5"/>
      </object_component>
      <object_component id="oc-1c6">
         <name>.debug_info</name>
         <load_address>0x41c0</load_address>
         <run_address>0x41c0</run_address>
         <size>0x3fc</size>
         <input_file_ref idref="fl-6"/>
      </object_component>
      <object_component id="oc-1ba">
         <name>.debug_info</name>
         <load_address>0x45bc</load_address>
         <run_address>0x45bc</run_address>
         <size>0x111</size>
         <input_file_ref idref="fl-6"/>
      </object_component>
      <object_component id="oc-1bd">
         <name>.debug_info</name>
         <load_address>0x46cd</load_address>
         <run_address>0x46cd</run_address>
         <size>0xc6</size>
         <input_file_ref idref="fl-6"/>
      </object_component>
      <object_component id="oc-1a1">
         <name>.debug_info</name>
         <load_address>0x4793</load_address>
         <run_address>0x4793</run_address>
         <size>0x13e</size>
         <input_file_ref idref="fl-6"/>
      </object_component>
      <object_component id="oc-d8">
         <name>.debug_info</name>
         <load_address>0x48d1</load_address>
         <run_address>0x48d1</run_address>
         <size>0x1988</size>
         <input_file_ref idref="fl-6"/>
      </object_component>
      <object_component id="oc-32">
         <name>.debug_info</name>
         <load_address>0x6259</load_address>
         <run_address>0x6259</run_address>
         <size>0x29b</size>
         <input_file_ref idref="fl-7"/>
      </object_component>
      <object_component id="oc-13">
         <name>.debug_info</name>
         <load_address>0x64f4</load_address>
         <run_address>0x64f4</run_address>
         <size>0xda</size>
         <input_file_ref idref="fl-7"/>
      </object_component>
      <object_component id="oc-2b">
         <name>.debug_info</name>
         <load_address>0x65ce</load_address>
         <run_address>0x65ce</run_address>
         <size>0x256</size>
         <input_file_ref idref="fl-7"/>
      </object_component>
      <object_component id="oc-fe">
         <name>.debug_info</name>
         <load_address>0x6824</load_address>
         <run_address>0x6824</run_address>
         <size>0x485</size>
         <input_file_ref idref="fl-f"/>
      </object_component>
      <object_component id="oc-1fc">
         <name>.debug_info</name>
         <load_address>0x6ca9</load_address>
         <run_address>0x6ca9</run_address>
         <size>0x114</size>
         <input_file_ref idref="fl-f"/>
      </object_component>
      <object_component id="oc-ea">
         <name>.debug_info</name>
         <load_address>0x6dbd</load_address>
         <run_address>0x6dbd</run_address>
         <size>0x4ce</size>
         <input_file_ref idref="fl-f"/>
      </object_component>
      <object_component id="oc-1ff">
         <name>.debug_info</name>
         <load_address>0x728b</load_address>
         <run_address>0x728b</run_address>
         <size>0x9d</size>
         <input_file_ref idref="fl-f"/>
      </object_component>
      <object_component id="oc-2e4">
         <name>.debug_info</name>
         <load_address>0x7328</load_address>
         <run_address>0x7328</run_address>
         <size>0x2b7</size>
         <input_file_ref idref="fl-10"/>
      </object_component>
      <object_component id="oc-1f6">
         <name>.debug_info</name>
         <load_address>0x75df</load_address>
         <run_address>0x75df</run_address>
         <size>0x266</size>
         <input_file_ref idref="fl-10"/>
      </object_component>
      <object_component id="oc-2dd">
         <name>.debug_info</name>
         <load_address>0x7845</load_address>
         <run_address>0x7845</run_address>
         <size>0x3ba</size>
         <input_file_ref idref="fl-11"/>
      </object_component>
      <object_component id="oc-1f0">
         <name>.debug_info</name>
         <load_address>0x7bff</load_address>
         <run_address>0x7bff</run_address>
         <size>0x270</size>
         <input_file_ref idref="fl-11"/>
      </object_component>
      <object_component id="oc-1eb">
         <name>.debug_info</name>
         <load_address>0x7e6f</load_address>
         <run_address>0x7e6f</run_address>
         <size>0x296</size>
         <input_file_ref idref="fl-12"/>
      </object_component>
      <object_component id="oc-205">
         <name>.debug_info</name>
         <load_address>0x8105</load_address>
         <run_address>0x8105</run_address>
         <size>0x326</size>
         <input_file_ref idref="fl-13"/>
      </object_component>
      <object_component id="oc-208">
         <name>.debug_info</name>
         <load_address>0x842b</load_address>
         <run_address>0x842b</run_address>
         <size>0xee</size>
         <input_file_ref idref="fl-13"/>
      </object_component>
      <object_component id="oc-f2">
         <name>.debug_info</name>
         <load_address>0x8519</load_address>
         <run_address>0x8519</run_address>
         <size>0x43b</size>
         <input_file_ref idref="fl-13"/>
      </object_component>
      <object_component id="oc-2f0">
         <name>.debug_info</name>
         <load_address>0x8954</load_address>
         <run_address>0x8954</run_address>
         <size>0x26b</size>
         <input_file_ref idref="fl-13"/>
      </object_component>
      <object_component id="oc-3b2">
         <name>.debug_info</name>
         <load_address>0x8bbf</load_address>
         <run_address>0x8bbf</run_address>
         <size>0x297</size>
         <input_file_ref idref="fl-13"/>
      </object_component>
      <object_component id="oc-2eb">
         <name>.debug_info</name>
         <load_address>0x8e56</load_address>
         <run_address>0x8e56</run_address>
         <size>0xbb</size>
         <input_file_ref idref="fl-13"/>
      </object_component>
      <object_component id="oc-268">
         <name>.debug_info</name>
         <load_address>0x8f11</load_address>
         <run_address>0x8f11</run_address>
         <size>0x2e4</size>
         <input_file_ref idref="fl-c9"/>
      </object_component>
      <object_component id="oc-135">
         <name>.debug_info</name>
         <load_address>0x91f5</load_address>
         <run_address>0x91f5</run_address>
         <size>0x6a4</size>
         <input_file_ref idref="fl-c9"/>
      </object_component>
      <object_component id="oc-355">
         <name>.debug_info</name>
         <load_address>0x9899</load_address>
         <run_address>0x9899</run_address>
         <size>0x46</size>
         <input_file_ref idref="fl-c9"/>
      </object_component>
      <object_component id="oc-252">
         <name>.debug_info</name>
         <load_address>0x98df</load_address>
         <run_address>0x98df</run_address>
         <size>0x39</size>
         <input_file_ref idref="fl-c9"/>
      </object_component>
      <object_component id="oc-25e">
         <name>.debug_info</name>
         <load_address>0x9918</load_address>
         <run_address>0x9918</run_address>
         <size>0x2c5</size>
         <input_file_ref idref="fl-ca"/>
      </object_component>
      <object_component id="oc-126">
         <name>.debug_info</name>
         <load_address>0x9bdd</load_address>
         <run_address>0x9bdd</run_address>
         <size>0x24e</size>
         <input_file_ref idref="fl-ca"/>
      </object_component>
      <object_component id="oc-251">
         <name>.debug_info</name>
         <load_address>0x9e2b</load_address>
         <run_address>0x9e2b</run_address>
         <size>0x361</size>
         <input_file_ref idref="fl-cb"/>
      </object_component>
      <object_component id="oc-11e">
         <name>.debug_info</name>
         <load_address>0xa18c</load_address>
         <run_address>0xa18c</run_address>
         <size>0x79b</size>
         <input_file_ref idref="fl-cb"/>
      </object_component>
      <object_component id="oc-260">
         <name>.debug_info</name>
         <load_address>0xa927</load_address>
         <run_address>0xa927</run_address>
         <size>0x361</size>
         <input_file_ref idref="fl-cc"/>
      </object_component>
      <object_component id="oc-12a">
         <name>.debug_info</name>
         <load_address>0xac88</load_address>
         <run_address>0xac88</run_address>
         <size>0x7ae</size>
         <input_file_ref idref="fl-cc"/>
      </object_component>
      <object_component id="oc-21e">
         <name>.debug_info</name>
         <load_address>0xb436</load_address>
         <run_address>0xb436</run_address>
         <size>0x333</size>
         <input_file_ref idref="fl-cd"/>
      </object_component>
      <object_component id="oc-f6">
         <name>.debug_info</name>
         <load_address>0xb769</load_address>
         <run_address>0xb769</run_address>
         <size>0x1d1</size>
         <input_file_ref idref="fl-cd"/>
      </object_component>
      <object_component id="oc-213">
         <name>.debug_info</name>
         <load_address>0xb93a</load_address>
         <run_address>0xb93a</run_address>
         <size>0x18d</size>
         <input_file_ref idref="fl-cd"/>
      </object_component>
      <object_component id="oc-219">
         <name>.debug_info</name>
         <load_address>0xbac7</load_address>
         <run_address>0xbac7</run_address>
         <size>0x16d</size>
         <input_file_ref idref="fl-cd"/>
      </object_component>
      <object_component id="oc-2cd">
         <name>.debug_info</name>
         <load_address>0xbc34</load_address>
         <run_address>0xbc34</run_address>
         <size>0x2c</size>
         <input_file_ref idref="fl-cd"/>
      </object_component>
      <object_component id="oc-2cc">
         <name>.debug_info</name>
         <load_address>0xbc60</load_address>
         <run_address>0xbc60</run_address>
         <size>0x340</size>
         <input_file_ref idref="fl-ce"/>
      </object_component>
      <object_component id="oc-1d4">
         <name>.debug_info</name>
         <load_address>0xbfa0</load_address>
         <run_address>0xbfa0</run_address>
         <size>0x208</size>
         <input_file_ref idref="fl-ce"/>
      </object_component>
      <object_component id="oc-2c0">
         <name>.debug_info</name>
         <load_address>0xc1a8</load_address>
         <run_address>0xc1a8</run_address>
         <size>0x1c6</size>
         <input_file_ref idref="fl-ce"/>
      </object_component>
      <object_component id="oc-2c7">
         <name>.debug_info</name>
         <load_address>0xc36e</load_address>
         <run_address>0xc36e</run_address>
         <size>0x179</size>
         <input_file_ref idref="fl-ce"/>
      </object_component>
      <object_component id="oc-2d2">
         <name>.debug_info</name>
         <load_address>0xc4e7</load_address>
         <run_address>0xc4e7</run_address>
         <size>0x69</size>
         <input_file_ref idref="fl-ce"/>
      </object_component>
      <object_component id="oc-114">
         <name>.debug_info</name>
         <load_address>0xc550</load_address>
         <run_address>0xc550</run_address>
         <size>0x14c</size>
         <input_file_ref idref="fl-cf"/>
      </object_component>
      <object_component id="oc-241">
         <name>.debug_info</name>
         <load_address>0xc69c</load_address>
         <run_address>0xc69c</run_address>
         <size>0x128</size>
         <input_file_ref idref="fl-d0"/>
      </object_component>
      <object_component id="oc-263">
         <name>.debug_info</name>
         <load_address>0xc7c4</load_address>
         <run_address>0xc7c4</run_address>
         <size>0x12a</size>
         <input_file_ref idref="fl-d0"/>
      </object_component>
      <object_component id="oc-130">
         <name>.debug_info</name>
         <load_address>0xc8ee</load_address>
         <run_address>0xc8ee</run_address>
         <size>0x13a</size>
         <input_file_ref idref="fl-d1"/>
      </object_component>
      <object_component id="oc-111">
         <name>.debug_info</name>
         <load_address>0xca28</load_address>
         <run_address>0xca28</run_address>
         <size>0x13a</size>
         <input_file_ref idref="fl-d2"/>
      </object_component>
      <object_component id="oc-119">
         <name>.debug_info</name>
         <load_address>0xcb62</load_address>
         <run_address>0xcb62</run_address>
         <size>0x12e</size>
         <input_file_ref idref="fl-d3"/>
      </object_component>
      <object_component id="oc-1c0">
         <name>.debug_info</name>
         <load_address>0xcc90</load_address>
         <run_address>0xcc90</run_address>
         <size>0x13e</size>
         <input_file_ref idref="fl-d4"/>
      </object_component>
      <object_component id="oc-106">
         <name>.debug_info</name>
         <load_address>0xcdce</load_address>
         <run_address>0xcdce</run_address>
         <size>0x12c</size>
         <input_file_ref idref="fl-d5"/>
      </object_component>
      <object_component id="oc-10c">
         <name>.debug_info</name>
         <load_address>0xcefa</load_address>
         <run_address>0xcefa</run_address>
         <size>0x12c</size>
         <input_file_ref idref="fl-d6"/>
      </object_component>
      <object_component id="oc-41">
         <name>.debug_info</name>
         <load_address>0xd026</load_address>
         <run_address>0xd026</run_address>
         <size>0x119</size>
         <input_file_ref idref="fl-d7"/>
      </object_component>
      <object_component id="oc-99">
         <name>.debug_info</name>
         <load_address>0xd13f</load_address>
         <run_address>0xd13f</run_address>
         <size>0x147</size>
         <input_file_ref idref="fl-d8"/>
      </object_component>
      <object_component id="oc-95">
         <name>.debug_info</name>
         <load_address>0xd286</load_address>
         <run_address>0xd286</run_address>
         <size>0x2d4</size>
         <input_file_ref idref="fl-d9"/>
      </object_component>
      <object_component id="oc-4e">
         <name>.debug_info</name>
         <load_address>0xd55a</load_address>
         <run_address>0xd55a</run_address>
         <size>0x1d2</size>
         <input_file_ref idref="fl-d9"/>
      </object_component>
      <object_component id="oc-90">
         <name>.debug_info</name>
         <load_address>0xd72c</load_address>
         <run_address>0xd72c</run_address>
         <size>0x46</size>
         <input_file_ref idref="fl-d9"/>
      </object_component>
      <object_component id="oc-ce">
         <name>.debug_info</name>
         <load_address>0xd772</load_address>
         <run_address>0xd772</run_address>
         <size>0x2c</size>
         <input_file_ref idref="fl-d9"/>
      </object_component>
      <object_component id="oc-49">
         <name>.debug_info</name>
         <load_address>0xd79e</load_address>
         <run_address>0xd79e</run_address>
         <size>0x2a8</size>
         <input_file_ref idref="fl-da"/>
      </object_component>
      <object_component id="oc-1e">
         <name>.debug_info</name>
         <load_address>0xda46</load_address>
         <run_address>0xda46</run_address>
         <size>0x1ea</size>
         <input_file_ref idref="fl-da"/>
      </object_component>
      <object_component id="oc-44">
         <name>.debug_info</name>
         <load_address>0xdc30</load_address>
         <run_address>0xdc30</run_address>
         <size>0x46</size>
         <input_file_ref idref="fl-da"/>
      </object_component>
      <object_component id="oc-88">
         <name>.debug_info</name>
         <load_address>0xdc76</load_address>
         <run_address>0xdc76</run_address>
         <size>0x2c</size>
         <input_file_ref idref="fl-da"/>
      </object_component>
      <object_component id="oc-86">
         <name>.debug_info</name>
         <load_address>0xdca2</load_address>
         <run_address>0xdca2</run_address>
         <size>0x29e</size>
         <input_file_ref idref="fl-db"/>
      </object_component>
      <object_component id="oc-19">
         <name>.debug_info</name>
         <load_address>0xdf40</load_address>
         <run_address>0xdf40</run_address>
         <size>0x250</size>
         <input_file_ref idref="fl-db"/>
      </object_component>
      <object_component id="oc-34">
         <name>.debug_info</name>
         <load_address>0xe190</load_address>
         <run_address>0xe190</run_address>
         <size>0x60</size>
         <input_file_ref idref="fl-db"/>
      </object_component>
      <object_component id="oc-c7">
         <name>.debug_info</name>
         <load_address>0xe1f0</load_address>
         <run_address>0xe1f0</run_address>
         <size>0x46</size>
         <input_file_ref idref="fl-db"/>
      </object_component>
      <object_component id="oc-81">
         <name>.debug_info</name>
         <load_address>0xe236</load_address>
         <run_address>0xe236</run_address>
         <size>0x39</size>
         <input_file_ref idref="fl-db"/>
      </object_component>
      <object_component id="oc-70">
         <name>.debug_info</name>
         <load_address>0xe26f</load_address>
         <run_address>0xe26f</run_address>
         <size>0x3b2</size>
         <input_file_ref idref="fl-dc"/>
      </object_component>
      <object_component id="oc-25">
         <name>.debug_info</name>
         <load_address>0xe621</load_address>
         <run_address>0xe621</run_address>
         <size>0x10c</size>
         <input_file_ref idref="fl-dc"/>
      </object_component>
      <object_component id="oc-393">
         <name>.debug_info</name>
         <load_address>0xe72d</load_address>
         <run_address>0xe72d</run_address>
         <size>0x13f</size>
         <input_file_ref idref="fl-dc"/>
      </object_component>
      <object_component id="oc-292">
         <name>.debug_info</name>
         <load_address>0xe86c</load_address>
         <run_address>0xe86c</run_address>
         <size>0x168</size>
         <input_file_ref idref="fl-dc"/>
      </object_component>
      <object_component id="oc-299">
         <name>.debug_info</name>
         <load_address>0xe9d4</load_address>
         <run_address>0xe9d4</run_address>
         <size>0x18e</size>
         <input_file_ref idref="fl-dc"/>
      </object_component>
      <object_component id="oc-29f">
         <name>.debug_info</name>
         <load_address>0xeb62</load_address>
         <run_address>0xeb62</run_address>
         <size>0x19f</size>
         <input_file_ref idref="fl-dc"/>
      </object_component>
      <object_component id="oc-19d">
         <name>.debug_info</name>
         <load_address>0xed01</load_address>
         <run_address>0xed01</run_address>
         <size>0x203</size>
         <input_file_ref idref="fl-dc"/>
      </object_component>
      <object_component id="oc-432">
         <name>.debug_info</name>
         <load_address>0xef04</load_address>
         <run_address>0xef04</run_address>
         <size>0x1db</size>
         <input_file_ref idref="fl-dc"/>
      </object_component>
      <object_component id="oc-196">
         <name>.debug_info</name>
         <load_address>0xf0df</load_address>
         <run_address>0xf0df</run_address>
         <size>0x1a5</size>
         <input_file_ref idref="fl-dc"/>
      </object_component>
      <object_component id="oc-38d">
         <name>.debug_info</name>
         <load_address>0xf284</load_address>
         <run_address>0xf284</run_address>
         <size>0x299</size>
         <input_file_ref idref="fl-dc"/>
      </object_component>
      <object_component id="oc-bb">
         <name>.debug_info</name>
         <load_address>0xf51d</load_address>
         <run_address>0xf51d</run_address>
         <size>0xb2</size>
         <input_file_ref idref="fl-dc"/>
      </object_component>
      <object_component id="oc-b6">
         <name>.debug_info</name>
         <load_address>0xf5cf</load_address>
         <run_address>0xf5cf</run_address>
         <size>0x2c</size>
         <input_file_ref idref="fl-dc"/>
      </object_component>
      <object_component id="oc-2a4">
         <name>.debug_info</name>
         <load_address>0xf5fb</load_address>
         <run_address>0xf5fb</run_address>
         <size>0x28a</size>
         <input_file_ref idref="fl-dd"/>
      </object_component>
      <object_component id="oc-1aa">
         <name>.debug_info</name>
         <load_address>0xf885</load_address>
         <run_address>0xf885</run_address>
         <size>0x273</size>
         <input_file_ref idref="fl-dd"/>
      </object_component>
      <object_component id="oc-2d8">
         <name>.debug_info</name>
         <load_address>0xfaf8</load_address>
         <run_address>0xfaf8</run_address>
         <size>0x2a4</size>
         <input_file_ref idref="fl-de"/>
      </object_component>
      <object_component id="oc-1dc">
         <name>.debug_info</name>
         <load_address>0xfd9c</load_address>
         <run_address>0xfd9c</run_address>
         <size>0x24d</size>
         <input_file_ref idref="fl-de"/>
      </object_component>
      <object_component id="oc-26c">
         <name>.debug_info</name>
         <load_address>0xffe9</load_address>
         <run_address>0xffe9</run_address>
         <size>0x28f</size>
         <input_file_ref idref="fl-df"/>
      </object_component>
      <object_component id="oc-144">
         <name>.debug_info</name>
         <load_address>0x10278</load_address>
         <run_address>0x10278</run_address>
         <size>0x245</size>
         <input_file_ref idref="fl-df"/>
      </object_component>
      <object_component id="oc-34a">
         <name>.debug_info</name>
         <load_address>0x104bd</load_address>
         <run_address>0x104bd</run_address>
         <size>0x3aa</size>
         <input_file_ref idref="fl-e0"/>
      </object_component>
      <object_component id="oc-347">
         <name>.debug_info</name>
         <load_address>0x10867</load_address>
         <run_address>0x10867</run_address>
         <size>0x13a</size>
         <input_file_ref idref="fl-e0"/>
      </object_component>
      <object_component id="oc-247">
         <name>.debug_info</name>
         <load_address>0x109a1</load_address>
         <run_address>0x109a1</run_address>
         <size>0x72f</size>
         <input_file_ref idref="fl-e0"/>
      </object_component>
      <object_component id="oc-415">
         <name>.debug_info</name>
         <load_address>0x110d0</load_address>
         <run_address>0x110d0</run_address>
         <size>0x39</size>
         <input_file_ref idref="fl-e0"/>
      </object_component>
      <object_component id="oc-34c">
         <name>.debug_info</name>
         <load_address>0x11109</load_address>
         <run_address>0x11109</run_address>
         <size>0x2c</size>
         <input_file_ref idref="fl-e0"/>
      </object_component>
      <object_component id="oc-28">
         <name>.debug_info</name>
         <load_address>0x11135</load_address>
         <run_address>0x11135</run_address>
         <size>0x10b</size>
         <input_file_ref idref="fl-e1"/>
      </object_component>
      <object_component id="oc-5d">
         <name>.debug_info</name>
         <load_address>0x11240</load_address>
         <run_address>0x11240</run_address>
         <size>0x1a9</size>
         <input_file_ref idref="fl-e1"/>
      </object_component>
      <object_component id="oc-35e">
         <name>.debug_info</name>
         <load_address>0x113e9</load_address>
         <run_address>0x113e9</run_address>
         <size>0x289</size>
         <input_file_ref idref="fl-e2"/>
      </object_component>
      <object_component id="oc-35b">
         <name>.debug_info</name>
         <load_address>0x11672</load_address>
         <run_address>0x11672</run_address>
         <size>0x10e</size>
         <input_file_ref idref="fl-e2"/>
      </object_component>
      <object_component id="oc-25b">
         <name>.debug_info</name>
         <load_address>0x11780</load_address>
         <run_address>0x11780</run_address>
         <size>0x14e</size>
         <input_file_ref idref="fl-e2"/>
      </object_component>
      <object_component id="oc-338">
         <name>.debug_info</name>
         <load_address>0x118ce</load_address>
         <run_address>0x118ce</run_address>
         <size>0x288</size>
         <input_file_ref idref="fl-e3"/>
      </object_component>
      <object_component id="oc-23b">
         <name>.debug_info</name>
         <load_address>0x11b56</load_address>
         <run_address>0x11b56</run_address>
         <size>0x327</size>
         <input_file_ref idref="fl-e3"/>
      </object_component>
      <object_component id="oc-352">
         <name>.debug_info</name>
         <load_address>0x11e7d</load_address>
         <run_address>0x11e7d</run_address>
         <size>0x28d</size>
         <input_file_ref idref="fl-e4"/>
      </object_component>
      <object_component id="oc-24b">
         <name>.debug_info</name>
         <load_address>0x1210a</load_address>
         <run_address>0x1210a</run_address>
         <size>0x380</size>
         <input_file_ref idref="fl-e4"/>
      </object_component>
      <object_component id="oc-410">
         <name>.debug_info</name>
         <load_address>0x1248a</load_address>
         <run_address>0x1248a</run_address>
         <size>0x28a</size>
         <input_file_ref idref="fl-e5"/>
      </object_component>
      <object_component id="oc-341">
         <name>.debug_info</name>
         <load_address>0x12714</load_address>
         <run_address>0x12714</run_address>
         <size>0x22a</size>
         <input_file_ref idref="fl-e5"/>
      </object_component>
      <object_component id="oc-40e">
         <name>.debug_info</name>
         <load_address>0x1293e</load_address>
         <run_address>0x1293e</run_address>
         <size>0x2f8</size>
         <input_file_ref idref="fl-e6"/>
      </object_component>
      <object_component id="oc-33c">
         <name>.debug_info</name>
         <load_address>0x12c36</load_address>
         <run_address>0x12c36</run_address>
         <size>0x225</size>
         <input_file_ref idref="fl-e6"/>
      </object_component>
      <object_component id="oc-328">
         <name>.debug_info</name>
         <load_address>0x12e5b</load_address>
         <run_address>0x12e5b</run_address>
         <size>0x590</size>
         <input_file_ref idref="fl-e7"/>
      </object_component>
      <object_component id="oc-2fe">
         <name>.debug_info</name>
         <load_address>0x133eb</load_address>
         <run_address>0x133eb</run_address>
         <size>0x21e</size>
         <input_file_ref idref="fl-e7"/>
      </object_component>
      <object_component id="oc-3c9">
         <name>.debug_info</name>
         <load_address>0x13609</load_address>
         <run_address>0x13609</run_address>
         <size>0x1b3</size>
         <input_file_ref idref="fl-e7"/>
      </object_component>
      <object_component id="oc-3cf">
         <name>.debug_info</name>
         <load_address>0x137bc</load_address>
         <run_address>0x137bc</run_address>
         <size>0x21b</size>
         <input_file_ref idref="fl-e7"/>
      </object_component>
      <object_component id="oc-304">
         <name>.debug_info</name>
         <load_address>0x139d7</load_address>
         <run_address>0x139d7</run_address>
         <size>0x3c0</size>
         <input_file_ref idref="fl-e7"/>
      </object_component>
      <object_component id="oc-3d6">
         <name>.debug_info</name>
         <load_address>0x13d97</load_address>
         <run_address>0x13d97</run_address>
         <size>0x30a</size>
         <input_file_ref idref="fl-e7"/>
      </object_component>
      <object_component id="oc-3dc">
         <name>.debug_info</name>
         <load_address>0x140a1</load_address>
         <run_address>0x140a1</run_address>
         <size>0x215</size>
         <input_file_ref idref="fl-e7"/>
      </object_component>
      <object_component id="oc-30b">
         <name>.debug_info</name>
         <load_address>0x142b6</load_address>
         <run_address>0x142b6</run_address>
         <size>0x215</size>
         <input_file_ref idref="fl-e7"/>
      </object_component>
      <object_component id="oc-310">
         <name>.debug_info</name>
         <load_address>0x144cb</load_address>
         <run_address>0x144cb</run_address>
[...]
         <object_component_ref idref="oc-d7"/>
      </symbol>
      <symbol id="sm-246">
         <name>oi_loadSong</name>
         <value>0x915</value>
         <object_component_ref idref="oc-d7"/>
      </symbol>
      <symbol id="sm-247">
         <name>oi_play_song</name>
         <value>0x96b</value>
         <object_component_ref idref="oc-d7"/>
      </symbol>
      <symbol id="sm-248">
         <name>oi_parsePacket</name>
         <value>0x32b</value>
         <object_component_ref idref="oc-d7"/>
      </symbol>
      <symbol id="sm-249">
         <name>oi_setLeds</name>
         <value>0x84b</value>
         <object_component_ref idref="oc-d7"/>
      </symbol>
      <symbol id="sm-24a">
         <name>oi_init</name>
         <value>0x2b1</value>
         <object_component_ref idref="oc-d7"/>
      </symbol>
      <symbol id="sm-24b">
         <name>oi_update</name>
         <value>0x2d9</value>
         <object_component_ref idref="oc-d7"/>
      </symbol>
      <symbol id="sm-24c">
         <name>oi_uartInit</name>
         <value>0x98d</value>
         <object_component_ref idref="oc-d7"/>
      </symbol>
      <symbol id="sm-268">
         <name>ResetISR</name>
         <value>0x63f9</value>
         <object_component_ref idref="oc-2a"/>
      </symbol>
      <symbol id="sm-269">
         <name>g_pfnVectors</name>
         <value>0x0</value>
         <object_component_ref idref="oc-12"/>
      </symbol>
      <symbol id="sm-2a5">
         <name>cyBOT_SERVO_cal</name>
         <value>0x3f5d</value>
         <object_component_ref idref="oc-e9"/>
      </symbol>
      <symbol id="sm-2a6">
         <name>cyBOT_Scan</name>
         <value>0x3eeb</value>
         <object_component_ref idref="oc-e9"/>
      </symbol>
      <symbol id="sm-2a7">
         <name>cyBOT_scan_features</name>
         <value>0x20002360</value>
         <object_component_ref idref="oc-1fb"/>
      </symbol>
      <symbol id="sm-2a8">
         <name>cyBOT_scan_version</name>
         <value>0x3e85</value>
         <object_component_ref idref="oc-e9"/>
      </symbol>
      <symbol id="sm-2a9">
         <name>cyBOT_init_Scan</name>
         <value>0x3e93</value>
         <object_component_ref idref="oc-e9"/>
      </symbol>
      <symbol id="sm-2d0">
         <name>isr_int_value</name>
         <value>0x20002318</value>
      </symbol>
      <symbol id="sm-2d1">
         <name>ir_enableInterrupt</name>
         <value>0x53d7</value>
         <object_component_ref idref="oc-1f5"/>
      </symbol>
      <symbol id="sm-2d2">
         <name>ir_getDistance</name>
         <value>0x53b9</value>
         <object_component_ref idref="oc-1f5"/>
      </symbol>
      <symbol id="sm-2d3">
         <name>ir_init</name>
         <value>0x5329</value>
         <object_component_ref idref="oc-1f5"/>
      </symbol>
      <symbol id="sm-2d4">
         <name>ADC0SS0_Handler</name>
         <value>0x53c1</value>
         <object_component_ref idref="oc-1f5"/>
      </symbol>
      <symbol id="sm-2d5">
         <name>ir_getValue</name>
         <value>0x5391</value>
         <object_component_ref idref="oc-1f5"/>
      </symbol>
      <symbol id="sm-304">
         <name>risingEdge</name>
         <value>0x20002328</value>
      </symbol>
      <symbol id="sm-305">
         <name>fallingEdge</name>
         <value>0x20002314</value>
      </symbol>
      <symbol id="sm-306">
         <name>pulseLength</name>
         <value>0x20002320</value>
      </symbol>
      <symbol id="sm-307">
         <name>isRisingEdge</name>
         <value>0x2000232c</value>
      </symbol>
      <symbol id="sm-308">
         <name>TIMER3B_Handler</name>
         <value>0x441d</value>
         <object_component_ref idref="oc-1ef"/>
      </symbol>
      <symbol id="sm-309">
         <name>ping_init</name>
         <value>0x432d</value>
         <object_component_ref idref="oc-1ef"/>
      </symbol>
      <symbol id="sm-30a">
         <name>ping_getDistance</name>
         <value>0x446f</value>
         <object_component_ref idref="oc-1ef"/>
      </symbol>
      <symbol id="sm-30b">
         <name>ping_trigger</name>
         <value>0x43b3</value>
         <object_component_ref idref="oc-1ef"/>
      </symbol>
      <symbol id="sm-32d">
         <name>servo_move</name>
         <value>0x4d71</value>
         <object_component_ref idref="oc-1e9"/>
      </symbol>
      <symbol id="sm-32e">
         <name>servo_init</name>
         <value>0x4ce1</value>
         <object_component_ref idref="oc-1e9"/>
      </symbol>
      <symbol id="sm-32f">
         <name>servo_stop</name>
         <value>0x4d65</value>
         <object_component_ref idref="oc-1e9"/>
      </symbol>
      <symbol id="sm-330">
         <name>servo_setPWM</name>
         <value>0x4dd1</value>
         <object_component_ref idref="oc-1e9"/>
      </symbol>
      <symbol id="sm-36c">
         <name>isr_char_buffer</name>
         <value>0x200022c4</value>
      </symbol>
      <symbol id="sm-36d">
         <name>cyBot_getByte</name>
         <value>0x4c73</value>
         <object_component_ref idref="oc-ef"/>
      </symbol>
      <symbol id="sm-36e">
         <name>cyBot_sendByte</name>
         <value>0x4b85</value>
         <object_component_ref idref="oc-ef"/>
      </symbol>
      <symbol id="sm-36f">
         <name>cyBot_uart_sendStr</name>
         <value>0x4b91</value>
         <object_component_ref idref="oc-ef"/>
      </symbol>
      <symbol id="sm-370">
         <name>isr_counter</name>
         <value>0x20002364</value>
         <object_component_ref idref="oc-207"/>
      </symbol>
      <symbol id="sm-371">
         <name>cyBot_uart_sendBuffer</name>
         <value>0x4bab</value>
         <object_component_ref idref="oc-ef"/>
      </symbol>
      <symbol id="sm-372">
         <name>cyBot_uart_flush</name>
         <value>0x4c55</value>
         <object_component_ref idref="oc-ef"/>
      </symbol>
      <symbol id="sm-373">
         <name>cyBot_UART1_Handler</name>
         <value>0x4c8d</value>
         <object_component_ref idref="oc-ef"/>
      </symbol>
      <symbol id="sm-374">
         <name>cyBot_uart_init</name>
         <value>0x4bc3</value>
         <object_component_ref idref="oc-ef"/>
      </symbol>
      <symbol id="sm-3ac">
         <name>asinl</name>
         <value>0x3175</value>
         <object_component_ref idref="oc-134"/>
      </symbol>
      <symbol id="sm-3ad">
         <name>asin</name>
         <value>0x3175</value>
         <object_component_ref idref="oc-134"/>
      </symbol>
      <symbol id="sm-3cf">
         <name>sqrtl</name>
         <value>0x4e39</value>
         <object_component_ref idref="oc-123"/>
      </symbol>
      <symbol id="sm-3d0">
         <name>sqrt</name>
         <value>0x4e39</value>
         <object_component_ref idref="oc-123"/>
      </symbol>
      <symbol id="sm-421">
         <name>cosl</name>
         <value>0x25f5</value>
         <object_component_ref idref="oc-11d"/>
      </symbol>
      <symbol id="sm-422">
         <name>cos</name>
         <value>0x25f5</value>
         <object_component_ref idref="oc-11d"/>
      </symbol>
      <symbol id="sm-472">
         <name>sin</name>
         <value>0x2015</value>
         <object_component_ref idref="oc-129"/>
      </symbol>
      <symbol id="sm-473">
         <name>sinl</name>
         <value>0x2015</value>
         <object_component_ref idref="oc-129"/>
      </symbol>
      <symbol id="sm-49a">
         <name>sprintf</name>
         <value>0x6081</value>
         <object_component_ref idref="oc-f5"/>
      </symbol>
      <symbol id="sm-4c4">
         <name>vsnprintf</name>
         <value>0x60c1</value>
         <object_component_ref idref="oc-1d3"/>
      </symbol>
      <symbol id="sm-4db">
         <name>__aeabi_dsub</name>
         <value>0x46e9</value>
         <object_component_ref idref="oc-113"/>
      </symbol>
      <symbol id="sm-4dc">
         <name>__aeabi_dadd</name>
         <value>0x46f3</value>
         <object_component_ref idref="oc-113"/>
      </symbol>
      <symbol id="sm-4fe">
         <name>__aeabi_cdcmpeq</name>
         <value>0x5b0d</value>
         <object_component_ref idref="oc-23f"/>
      </symbol>
      <symbol id="sm-4ff">
         <name>__aeabi_cdcmple</name>
         <value>0x5b0d</value>
         <object_component_ref idref="oc-23f"/>
      </symbol>
      <symbol id="sm-500">
         <name>__aeabi_cdrcmple</name>
         <value>0x5b93</value>
         <object_component_ref idref="oc-262"/>
      </symbol>
      <symbol id="sm-514">
         <name>__aeabi_ddiv</name>
         <value>0x50cd</value>
         <object_component_ref idref="oc-12f"/>
      </symbol>
      <symbol id="sm-51f">
         <name>__aeabi_dmul</name>
         <value>0x5651</value>
         <object_component_ref idref="oc-10e"/>
      </symbol>
      <symbol id="sm-529">
         <name>__aeabi_d2iz</name>
         <value>0x5ff5</value>
         <object_component_ref idref="oc-118"/>
      </symbol>
      <symbol id="sm-535">
         <name>__aeabi_d2f</name>
         <value>0x5d73</value>
         <object_component_ref idref="oc-1bf"/>
      </symbol>
      <symbol id="sm-540">
         <name>__aeabi_f2d</name>
         <value>0x6179</value>
         <object_component_ref idref="oc-104"/>
      </symbol>
      <symbol id="sm-54a">
         <name>__aeabi_i2d</name>
         <value>0x6249</value>
         <object_component_ref idref="oc-109"/>
      </symbol>
      <symbol id="sm-565">
         <name>memcpy</name>
         <value>0x59db</value>
         <object_component_ref idref="oc-3e"/>
      </symbol>
      <symbol id="sm-566">
         <name>__aeabi_memcpy</name>
         <value>0x59db</value>
         <object_component_ref idref="oc-3e"/>
      </symbol>
      <symbol id="sm-567">
         <name>__aeabi_memcpy8</name>
         <value>0x59db</value>
         <object_component_ref idref="oc-3e"/>
      </symbol>
      <symbol id="sm-568">
         <name>__aeabi_memcpy4</name>
         <value>0x59db</value>
         <object_component_ref idref="oc-3e"/>
      </symbol>
      <symbol id="sm-577">
         <name>__aeabi_memset</name>
         <value>0x5c1b</value>
         <object_component_ref idref="oc-96"/>
      </symbol>
      <symbol id="sm-578">
         <name>memset</name>
         <value>0x5c21</value>
         <object_component_ref idref="oc-96"/>
      </symbol>
      <symbol id="sm-579">
         <name>__aeabi_memset8</name>
         <value>0x5c1b</value>
         <object_component_ref idref="oc-96"/>
      </symbol>
      <symbol id="sm-57a">
         <name>__aeabi_memset4</name>
         <value>0x5c1b</value>
         <object_component_ref idref="oc-96"/>
      </symbol>
      <symbol id="sm-57b">
         <name>__aeabi_memclr8</name>
         <value>0x5c19</value>
         <object_component_ref idref="oc-96"/>
      </symbol>
      <symbol id="sm-57c">
         <name>__aeabi_memclr4</name>
         <value>0x5c19</value>
         <object_component_ref idref="oc-96"/>
      </symbol>
      <symbol id="sm-57d">
         <name>__aeabi_memclr</name>
         <value>0x5c19</value>
         <object_component_ref idref="oc-96"/>
      </symbol>
      <symbol id="sm-596">
         <name>__TI_zero_init_nomemset</name>
         <value>0x62a1</value>
         <object_component_ref idref="oc-4a"/>
      </symbol>
      <symbol id="sm-5ad">
         <name>__TI_decompress_none</name>
         <value>0x63df</value>
         <object_component_ref idref="oc-1b"/>
      </symbol>
      <symbol id="sm-5d0">
         <name>__TI_decompress_lzss</name>
         <value>0x5de1</value>
         <object_component_ref idref="oc-15"/>
      </symbol>
      <symbol id="sm-665">
         <name>_sys_memory</name>
         <value>0x20001270</value>
         <object_component_ref idref="oc-24"/>
      </symbol>
      <symbol id="sm-666">
         <name>free</name>
         <value>0x5845</value>
         <object_component_ref idref="oc-19a"/>
      </symbol>
      <symbol id="sm-667">
         <name>memalign</name>
         <value>0x5551</value>
         <object_component_ref idref="oc-38b"/>
      </symbol>
      <symbol id="sm-668">
         <name>calloc</name>
         <value>0x6141</value>
         <object_component_ref idref="oc-194"/>
      </symbol>
      <symbol id="sm-669">
         <name>malloc</name>
         <value>0x6419</value>
         <object_component_ref idref="oc-28f"/>
      </symbol>
      <symbol id="sm-66a">
         <name>aligned_alloc</name>
         <value>0x5551</value>
         <object_component_ref idref="oc-38b"/>
      </symbol>
      <symbol id="sm-679">
         <name>strcmp</name>
         <value>0x6357</value>
         <object_component_ref idref="oc-1a7"/>
      </symbol>
      <symbol id="sm-687">
         <name>strcpy</name>
         <value>0x6385</value>
         <object_component_ref idref="oc-1d9"/>
      </symbol>
      <symbol id="sm-695">
         <name>strlen</name>
         <value>0x6399</value>
         <object_component_ref idref="oc-140"/>
      </symbol>
      <symbol id="sm-705">
         <name>__kernel_rem_pio2</name>
         <value>0x18dd</value>
         <object_component_ref idref="oc-244"/>
      </symbol>
      <symbol id="sm-718">
         <name>__stack</name>
         <value>0x20000270</value>
         <object_component_ref idref="oc-27"/>
      </symbol>
      <symbol id="sm-719">
         <name>_c_int00_noargs</name>
         <value>0x61e5</value>
         <object_component_ref idref="oc-5c"/>
      </symbol>
      <symbol id="sm-72f">
         <name>__aeabi_errno_addr</name>
         <value>0x6411</value>
         <object_component_ref idref="oc-257"/>
      </symbol>
      <symbol id="sm-730">
         <name>errno</name>
         <value>0x20002368</value>
         <object_component_ref idref="oc-35a"/>
      </symbol>
      <symbol id="sm-746">
         <name>__kernel_cos</name>
         <value>0x4a15</value>
         <object_component_ref idref="oc-239"/>
      </symbol>
      <symbol id="sm-75d">
         <name>__kernel_sin</name>
         <value>0x48a1</value>
         <object_component_ref idref="oc-24a"/>
      </symbol>
      <symbol id="sm-77a">
         <name>floorl</name>
         <value>0x574d</value>
         <object_component_ref idref="oc-340"/>
      </symbol>
      <symbol id="sm-77b">
         <name>floor</name>
         <value>0x574d</value>
         <object_component_ref idref="oc-340"/>
      </symbol>
      <symbol id="sm-798">
         <name>scalbn</name>
         <value>0x5441</value>
         <object_component_ref idref="oc-33a"/>
      </symbol>
      <symbol id="sm-799">
         <name>scalbnl</name>
         <value>0x5441</value>
         <object_component_ref idref="oc-33a"/>
      </symbol>
      <symbol id="sm-79a">
         <name>ldexpl</name>
         <value>0x5441</value>
         <object_component_ref idref="oc-33a"/>
      </symbol>
      <symbol id="sm-79b">
         <name>ldexp</name>
         <value>0x5441</value>
         <object_component_ref idref="oc-33a"/>
      </symbol>
      <symbol id="sm-900">
         <name>__TI_printfi</name>
         <value>0xe8d</value>
         <object_component_ref idref="oc-20b"/>
      </symbol>
      <symbol id="sm-90d">
         <name>__aeabi_uldivmod</name>
         <value>0x5a77</value>
         <object_component_ref idref="oc-3bc"/>
      </symbol>
      <symbol id="sm-935">
         <name>__TI_auto_init_nobinit_nopinit</name>
         <value>0x603d</value>
         <object_component_ref idref="oc-160"/>
      </symbol>
      <symbol id="sm-93f">
         <name>_system_pre_init</name>
         <value>0x6421</value>
         <object_component_ref idref="oc-9c"/>
      </symbol>
      <symbol id="sm-94b">
         <name>C$$EXIT</name>
         <value>0x6425</value>
         <object_component_ref idref="oc-154"/>
      </symbol>
      <symbol id="sm-94c">
         <name>abort</name>
         <value>0x6425</value>
         <object_component_ref idref="oc-154"/>
      </symbol>
      <symbol id="sm-961">
         <name>_nop</name>
         <value>0x18db</value>
         <object_component_ref idref="oc-36c"/>
      </symbol>
      <symbol id="sm-962">
         <name>_lock</name>
         <value>0x20002350</value>
         <object_component_ref idref="oc-273"/>
      </symbol>
      <symbol id="sm-963">
         <name>_unlock</name>
         <value>0x20002354</value>
         <object_component_ref idref="oc-273"/>
      </symbol>
      <symbol id="sm-972">
         <name>__TI_ltoa</name>
         <value>0x5f03</value>
         <object_component_ref idref="oc-3c2"/>
      </symbol>
      <symbol id="sm-989">
         <name>atoi</name>
         <value>0x5fa9</value>
         <object_component_ref idref="oc-2f7"/>
      </symbol>
      <symbol id="sm-994">
         <name>_ctypes_</name>
         <value>0x6580</value>
         <object_component_ref idref="oc-3b7"/>
      </symbol>
      <symbol id="sm-9a4">
         <name>memccpy</name>
         <value>0x62d9</value>
         <object_component_ref idref="oc-31b"/>
      </symbol>
      <symbol id="sm-9b4">
         <name>strchr</name>
         <value>0x636f</value>
         <object_component_ref idref="oc-3e9"/>
      </symbol>
      <symbol id="sm-9cd">
         <name>wcslen</name>
         <value>0x63ad</value>
         <object_component_ref idref="oc-321"/>
      </symbol>
      <symbol id="sm-9d7">
         <name>copysign</name>
         <value>0x62f5</value>
         <object_component_ref idref="oc-407"/>
      </symbol>
      <symbol id="sm-9d8">
         <name>copysignl</name>
         <value>0x62f5</value>
         <object_component_ref idref="oc-407"/>
      </symbol>
      <symbol id="sm-9ee">
         <name>frexpl</name>
         <value>0x5e49</value>
         <object_component_ref idref="oc-3e3"/>
      </symbol>
      <symbol id="sm-9ef">
         <name>frexp</name>
         <value>0x5e49</value>
         <object_component_ref idref="oc-3e3"/>
      </symbol>
      <symbol id="sm-9f9">
         <name>__aeabi_idiv0</name>
         <value>0x489f</value>
         <object_component_ref idref="oc-43d"/>
      </symbol>
      <symbol id="sm-9fa">
         <name>__aeabi_ldiv0</name>
         <value>0x489f</value>
         <object_component_ref idref="oc-43d"/>
      </symbol>
      <symbol id="sm-a29">
         <name>IntRegister</name>
         <value>0x61b1</value>
         <object_component_ref idref="oc-1ad"/>
      </symbol>
      <symbol id="sm-a2a">
         <name>g_pfnRAMVectors</name>
         <value>0x20000000</value>
         <object_component_ref idref="oc-2a5"/>
      </symbol>
      <symbol id="sm-a2b">
         <name>IntMasterEnable</name>
         <value>0x63bf</value>
         <object_component_ref idref="oc-1b3"/>
      </symbol>
      <symbol id="sm-a35">
         <name>CPUcpsie</name>
         <value>0x63ed</value>
         <object_component_ref idref="oc-2af"/>
      </symbol>
      <symbol id="sm-a36">
         <name>__TI_static_base__</name>
         <value>0x0</value>
      </symbol>
      <symbol id="sm-a39">
         <name>__mpu_init</name>
         <value>0x0</value>
      </symbol>
      <symbol id="sm-a3a">
         <name>_system_post_cinit</name>
         <value>0x0</value>
      </symbol>
   </symbol_table>
   <title>Link successful</title>
</link_info>
