******************************************************************************
                  TI ARM Linker PC v20.2.7                     
******************************************************************************
>> Linked Fri Mar 14 14:53:42 2025

OUTPUT FILE NAME:   <Lab4.out>
ENTRY POINT SYMBOL: "_c_int00_noargs"  address: 00003771


MEMORY CONFIGURATION

         name            origin    length      used     unused   attr    fill
----------------------  --------  ---------  --------  --------  ----  --------
  FLASH                 00000000   00040000  00003b4f  0003c4b1  R  X
  SRAM                  20000000   00008000  0000234a  00005cb6  RW X


SEGMENT ALLOCATION MAP

run origin  load origin   length   init length attrs members
----------  ----------- ---------- ----------- ----- -------
00000000    00000000    00003b50   00003b50    r-x
  00000000    00000000    0000026c   0000026c    r-- .intvecs
  0000026c    0000026c    00003750   00003750    r-x .text
  000039bc    000039bc    00000143   00000143    r-- .const
  00003b00    00003b00    00000050   00000050    r-- .cinit
20000000    20000000    0000234e   00000000    rw-
  20000000    20000000    0000026c   00000000    rw- .vtable
  20000270    20000270    00001000   00000000    rw- .stack
  20001270    20001270    00001000   00000000    rw- .sysmem
  20002270    20002270    000000a4   00000000    rw- .bss
  20002314    20002314    0000003a   00000000    rw- .data


SECTION ALLOCATION MAP

 output                                  attributes/
section   page    origin      length       input sections
--------  ----  ----------  ----------   ----------------
.intvecs   0    00000000    0000026c     
                  00000000    0000026c     tm4c123gh6pm_startup_ccs.obj (.intvecs)

.text      0    0000026c    00003750     
                  0000026c    00000c20     open_interface.obj (.text)
                  00000e8c    00000a4e     rtsv7M4_T_le_v4SPD16_eabi.lib : _printfi.c.obj (.text:__TI_printfi)
                  000018da    00000002                                   : _lock.c.obj (.text:_nop)
                  000018dc    00000328     lcd.obj (.text)
                  00001c04    00000270     rtsv7M4_T_le_v4SPD16_eabi.lib : _printfi.c.obj (.text:_pconv_a)
                  00001e74    00000248     Timer.obj (.text)
                  000020bc    000001d0     rtsv7M4_T_le_v4SPD16_eabi.lib : _printfi.c.obj (.text:_pconv_g)
                  0000228c    000001b6                                   : fd_add_t2.asm.obj (.text)
                  00002442    00000002                                   : div0.asm.obj (.text)
                  00002444    0000015c     libcybotUART.lib : uart.obj (.text)
                  000025a0    0000013c     rtsv7M4_T_le_v4SPD16_eabi.lib : _printfi.c.obj (.text:_pconv_e)
                  000026dc    00000136                                   : fd_div_t2.asm.obj (.text)
                  00002812    00000002     --HOLE-- [fill = 0]
                  00002814    00000124                                   : _printfi.c.obj (.text:fcvt)
                  00002938    00000110                                   : s_scalbn.c.obj (.text:scalbn)
                  00002a48    0000010c     main.obj (.text)
                  00002b54    00000100     rtsv7M4_T_le_v4SPD16_eabi.lib : memory.c.obj (.text:aligned_alloc)
                  00002c54    000000fc                                   : fd_mul_t2.asm.obj (.text)
                  00002d50    000000e4                                   : memory.c.obj (.text:free)
                  00002e34    000000b1                                   : _printfi.c.obj (.text:_ltostr)
                  00002ee5    00000001     --HOLE-- [fill = 0]
                  00002ee6    0000009c                                   : memcpy_t2.asm.obj (.text)
                  00002f82    00000096                                   : ull_div_t2.asm.obj (.text)
                  00003018    00000086                                   : fd_cmp_t2.asm.obj (.text:__aeabi_cdcmple)
                  0000309e    00000086                                   : fd_cmp_t2.asm.obj (.text:__aeabi_cdrcmple)
                  00003124    00000080     button.obj (.text)
                  000031a4    0000007a     rtsv7M4_T_le_v4SPD16_eabi.lib : memset_t2.asm.obj (.text)
                  0000321e    00000002     --HOLE-- [fill = 0]
                  00003220    00000070                                   : memory.c.obj (.text:split)
                  00003290    0000006e                                   : _printfi.c.obj (.text:_mcpy)
                  000032fe    0000006e                                   : fd_tos_t2.asm.obj (.text)
                  0000336c    00000068                                   : copy_decompress_lzss.c.obj (.text:decompress:lzss:__TI_decompress_lzss)
                  000033d4    00000064                                   : s_frexp.c.obj (.text:frexp)
                  00003438    00000056                                   : _printfi.c.obj (.text:_pconv_f)
                  0000348e    00000054                                   : _ltoa.c.obj (.text:__TI_ltoa)
                  000034e2    00000052                                   : _printfi.c.obj (.text:_ecpy)
                  00003534    0000004c                                   : atoi.c.obj (.text:atoi)
                  00003580    00000048                                   : fd_toi_t2.asm.obj (.text)
                  000035c8    00000044                                   : autoinit.c.obj (.text:__TI_auto_init_nobinit_nopinit:__TI_auto_init_nobinit_nopinit)
                  0000360c    00000040                                   : sprintf.c.obj (.text:sprintf)
                  0000364c    00000040                                   : vsnprintf.c.obj (.text:vsnprintf)
                  0000368c    0000003e                                   : _printfi.c.obj (.text:_fcpy)
                  000036ca    00000002     --HOLE-- [fill = 0]
                  000036cc    00000038                                   : memory.c.obj (.text:calloc)
                  00003704    00000038                                   : fs_tod_t2.asm.obj (.text)
                  0000373c    00000034     driverlib.lib : interrupt.obj (.text:IntRegister)
                  00003770    00000034     rtsv7M4_T_le_v4SPD16_eabi.lib : boot_cortex_m.c.obj (.text:_c_int00_noargs:_c_int00_noargs)
                  000037a4    00000030                                   : vsnprintf.c.obj (.text:_outs)
                  000037d4    0000002e                                   : i_tofd_t2.asm.obj (.text)
                  00003802    00000002     --HOLE-- [fill = 0]
                  00003804    00000028                                   : memory.c.obj (.text:free_list_insert)
                  0000382c    0000001c                                   : copy_zero_init.c.obj (.text:decompress:ZI:__TI_zero_init_nomemset:__TI_zero_init_nomemset)
                  00003848    0000001c                                   : memory.c.obj (.text:free_list_remove)
                  00003864    0000001c                                   : memccpy.c.obj (.text:memccpy)
                  00003880    0000001a                                   : s_copysign.c.obj (.text:copysign)
                  0000389a    00000018                                   : vsnprintf.c.obj (.text:_outc)
                  000038b2    00000018                                   : sprintf.c.obj (.text:_outs)
                  000038ca    00000018     open_interface.obj (.text:oi_parseInt)
                  000038e2    00000018     rtsv7M4_T_le_v4SPD16_eabi.lib : strcmp.c.obj (.text:strcmp)
                  000038fa    00000016                                   : strchr.c.obj (.text:strchr)
                  00003910    00000014                                   : strcpy.c.obj (.text:strcpy)
                  00003924    00000014                                   : strlen.c.obj (.text:strlen)
                  00003938    00000012                                   : wcslen.c.obj (.text:wcslen)
                  0000394a    00000010     driverlib.lib : interrupt.obj (.text:IntMasterEnable)
                  0000395a    00000010     lcd.obj (.text:lcd_clear)
                  0000396a    0000000e     rtsv7M4_T_le_v4SPD16_eabi.lib : copy_decompress_none.c.obj (.text:decompress:none:__TI_decompress_none)
                  00003978    0000000c     driverlib.lib : cpu.obj (.text:CPUcpsie)
                  00003984    0000000c     tm4c123gh6pm_startup_ccs.obj (.text)
                  00003990    0000000a     rtsv7M4_T_le_v4SPD16_eabi.lib : sprintf.c.obj (.text:_outc)
                  0000399a    0000000a     lcd.obj (.text:lcd_home)
                  000039a4    00000008     rtsv7M4_T_le_v4SPD16_eabi.lib : errno.c.obj (.text:__aeabi_errno_addr)
                  000039ac    00000008                                   : memory.c.obj (.text:malloc)
                  000039b4    00000004                                   : pre_init.c.obj (.text:_system_pre_init)
                  000039b8    00000004                                   : exit.c.obj (.text:abort:abort)

.const     0    000039bc    00000143     
                  000039bc    00000101     rtsv7M4_T_le_v4SPD16_eabi.lib : ctype.c.obj (.const:.string:_ctypes_)
                  00003abd    0000002b     main.obj (.const:.string:$P$T0$1)
                  00003ae8    0000000f     open_interface.obj (.const:.string:$P$T0$3)
                  00003af7    00000004     lcd.obj (.const:.string:lineAddress$1)
                  00003afb    00000004     lcd.obj (.const:.string:lineAddresses$2)

.cinit     0    00003b00    00000050     
                  00003b00    00000019     (.cinit..data.load) [load image, compression = lzss]
                  00003b19    00000003     --HOLE-- [fill = 0]
                  00003b1c    0000000c     (__TI_handler_table)
                  00003b28    00000008     (.cinit..bss.load) [load image, compression = zero_init]
                  00003b30    00000008     (.cinit..vtable.load) [load image, compression = zero_init]
                  00003b38    00000018     (__TI_cinit_table)

.init_array 
*          0    00000000    00000000     UNINITIALIZED

.vtable    0    20000000    0000026c     UNINITIALIZED
                  20000000    0000026c     driverlib.lib : interrupt.obj (.vtable)

.stack     0    20000270    00001000     UNINITIALIZED
                  20000270    00000004     rtsv7M4_T_le_v4SPD16_eabi.lib : boot_cortex_m.c.obj (.stack)
                  20000274    00000ffc     --HOLE--

.sysmem    0    20001270    00001000     UNINITIALIZED
                  20001270    00000010     rtsv7M4_T_le_v4SPD16_eabi.lib : memory.c.obj (.sysmem)
                  20001280    00000ff0     --HOLE--

.bss       0    20002270    000000a4     UNINITIALIZED
                  20002270    00000054     lcd.obj (.bss:lastbuffer$3)
                  200022c4    00000034     (.common:isr_char_buffer)
                  200022f8    00000018     open_interface.obj (.bss:firmware$2)
                  20002310    00000004     (.common:_timeout_ticks)

.data      0    20002314    0000003a     UNINITIALIZED
                  20002314    00000020     open_interface.obj (.data)
                  20002334    00000008     rtsv7M4_T_le_v4SPD16_eabi.lib : _lock.c.obj (.data:$O1$$)
                  2000233c    00000008                                   : memory.c.obj (.data:$O1$$)
                  20002344    00000004     libcybotUART.lib : uart.obj (.data)
                  20002348    00000004     rtsv7M4_T_le_v4SPD16_eabi.lib : errno.c.obj (.data)
                  2000234c    00000001     Timer.obj (.data)
                  2000234d    00000001     button.obj (.data)

__llvm_prf_cnts 
*          0    20000000    00000000     UNINITIALIZED

MODULE SUMMARY

       Module                         code    ro data   rw data
       ------                         ----    -------   -------
    .\
       open_interface.obj             3128    15        56     
       lcd.obj                        834     8         84     
       tm4c123gh6pm_startup_ccs.obj   12      620       0      
       Timer.obj                      584     0         5      
       main.obj                       268     43        0      
       button.obj                     128     0         1      
    +--+------------------------------+-------+---------+---------+
       Total:                         4954    686       146    
                                                               
    ../libcybotUART.lib
       uart.obj                       348     0         56     
    +--+------------------------------+-------+---------+---------+
       Total:                         348     0         56     
                                                               
    C:/ti/TivaWare_C_Series-2.2.0.295/driverlib/ccs/Debug/driverlib.lib
       interrupt.obj                  68      0         620    
       cpu.obj                        12      0         0      
    +--+------------------------------+-------+---------+---------+
       Total:                         80      0         620    
                                                               
    C:\ti\ccs1271\ccs\tools\compiler\ti-cgt-arm_20.2.7.LTS\lib\rtsv7M4_T_le_v4SPD16_eabi.lib
       _printfi.c.obj                 4851    0         0      
       memory.c.obj                   728     0         8      
       fd_add_t2.asm.obj              438     0         0      
       fd_div_t2.asm.obj              310     0         0      
       s_scalbn.c.obj                 272     0         0      
       fd_cmp_t2.asm.obj              268     0         0      
       ctype.c.obj                    0       257       0      
       fd_mul_t2.asm.obj              252     0         0      
       memcpy_t2.asm.obj              156     0         0      
       ull_div_t2.asm.obj             150     0         0      
       vsnprintf.c.obj                136     0         0      
       memset_t2.asm.obj              122     0         0      
       fd_tos_t2.asm.obj              110     0         0      
       copy_decompress_lzss.c.obj     104     0         0      
       s_frexp.c.obj                  100     0         0      
       sprintf.c.obj                  98      0         0      
       _ltoa.c.obj                    84      0         0      
       atoi.c.obj                     76      0         0      
       fd_toi_t2.asm.obj              72      0         0      
       autoinit.c.obj                 68      0         0      
       fs_tod_t2.asm.obj              56      0         0      
       boot_cortex_m.c.obj            52      0         0      
       i_tofd_t2.asm.obj              46      0         0      
       copy_zero_init.c.obj           28      0         0      
       memccpy.c.obj                  28      0         0      
       s_copysign.c.obj               26      0         0      
       strcmp.c.obj                   24      0         0      
       strchr.c.obj                   22      0         0      
       strcpy.c.obj                   20      0         0      
       strlen.c.obj                   20      0         0      
       wcslen.c.obj                   18      0         0      
       copy_decompress_none.c.obj     14      0         0      
       errno.c.obj                    8       0         4      
       _lock.c.obj                    2       0         8      
       exit.c.obj                     4       0         0      
       pre_init.c.obj                 4       0         0      
       div0.asm.obj                   2       0         0      
    +--+------------------------------+-------+---------+---------+
       Total:                         8769    257       20     
                                                               
       Heap:                          0       0         4096   
       Stack:                         0       0         4096   
       Linker Generated:              0       77        0      
    +--+------------------------------+-------+---------+---------+
       Grand Total:                   14151   1020      9034   


LINKER GENERATED COPY TABLES

__TI_cinit_table @ 00003b38 records: 3, size/record: 8, table size: 24
	.data: load addr=00003b00, load size=00000019 bytes, run addr=20002314, run size=0000003a bytes, compression=lzss
	.bss: load addr=00003b28, load size=00000008 bytes, run addr=20002270, run size=000000a4 bytes, compression=zero_init
	.vtable: load addr=00003b30, load size=00000008 bytes, run addr=20000000, run size=0000026c bytes, compression=zero_init


LINKER GENERATED HANDLER TABLE

__TI_handler_table @ 00003b1c records: 3, size/record: 4, table size: 12
	index: 0, handler: __TI_zero_init
	index: 1, handler: __TI_decompress_lzss
	index: 2, handler: __TI_decompress_none


GLOBAL SYMBOLS: SORTED ALPHABETICALLY BY Name 

address   name                          
-------   ----                          
000039b9  C$$EXIT                       
00003979  CPUcpsie                      
00000bc3  GPIOF_Handler                 
0000394b  IntMasterEnable               
0000373d  IntRegister                   
00003985  ResetISR                      
20001270  __STACK_END                   
00001000  __STACK_SIZE                  
20000470  __STACK_TOP                   
00001000  __SYSMEM_SIZE                 
00003b38  __TI_CINIT_Base               
00003b50  __TI_CINIT_Limit              
00003b1c  __TI_Handler_Table_Base       
00003b28  __TI_Handler_Table_Limit      
000035c9  __TI_auto_init_nobinit_nopinit
0000336d  __TI_decompress_lzss          
0000396b  __TI_decompress_none          
0000348f  __TI_ltoa                     
ffffffff  __TI_pprof_out_hndl           
00000e8d  __TI_printfi                  
ffffffff  __TI_prof_data_size           
ffffffff  __TI_prof_data_start          
00000000  __TI_static_base__            
0000382d  __TI_zero_init_nomemset       
00003019  __aeabi_cdcmpeq               
00003019  __aeabi_cdcmple               
0000309f  __aeabi_cdrcmple              
000032ff  __aeabi_d2f                   
00003581  __aeabi_d2iz                  
00002297  __aeabi_dadd                  
000026dd  __aeabi_ddiv                  
00002c55  __aeabi_dmul                  
0000228d  __aeabi_dsub                  
000039a5  __aeabi_errno_addr            
00003705  __aeabi_f2d                   
000037d5  __aeabi_i2d                   
00002443  __aeabi_idiv0                 
00002443  __aeabi_ldiv0                 
000031a5  __aeabi_memclr                
000031a5  __aeabi_memclr4               
000031a5  __aeabi_memclr8               
00002ee7  __aeabi_memcpy                
00002ee7  __aeabi_memcpy4               
00002ee7  __aeabi_memcpy8               
000031a7  __aeabi_memset                
000031a7  __aeabi_memset4               
000031a7  __aeabi_memset8               
00002f83  __aeabi_uldivmod              
ffffffff  __binit__                     
ffffffff  __c_args__                    
UNDEFED   __mpu_init                    
20000270  __stack                       
20000000  __start___llvm_prf_cnts       
20000000  __stop___llvm_prf_cnts        
00003771  _c_int00_noargs               
000039bc  _ctypes_                      
20002334  _lock                         
000018db  _nop                          
2000234c  _running                      
20001270  _sys_memory                   
UNDEFED   _system_post_cinit            
000039b5  _system_pre_init              
20002310  _timeout_ticks                
20002338  _unlock                       
000039b9  abort                         
00002b55  aligned_alloc                 
00003535  atoi                          
ffffffff  binit                         
00003159  button_getButton              
00003125  button_init                   
000036cd  calloc                        
00003881  copysign                      
00003881  copysignl                     
0000254d  cyBot_UART1_Handler           
00002533  cyBot_getByte                 
00002445  cyBot_sendByte                
00002515  cyBot_uart_flush              
00002483  cyBot_uart_init               
0000246b  cyBot_uart_sendBuffer         
00002451  cyBot_uart_sendStr            
20002348  errno                         
00002d51  free                          
000033d5  frexp                         
000033d5  frexpl                        
20000000  g_pfnRAMVectors               
00000000  g_pfnVectors                  
0000097f  go_charge                     
200022c4  isr_char_buffer               
20002344  isr_counter                   
0000395b  lcd_clear                     
00001ab1  lcd_gotoLine                  
0000399b  lcd_home                      
00001919  lcd_init                      
00001b17  lcd_printf                    
000019d9  lcd_putc                      
00001a11  lcd_puts                      
000018dd  lcd_reverseNibble             
00002ae7  lcd_rotatingBanner            
00001a2f  lcd_sendCommand               
00001a6d  lcd_sendNibble                
00001ad9  lcd_setCursorPos              
00002939  ldexp                         
00002939  ldexpl                        
00002a49  main                          
000039ad  malloc                        
00002b55  memalign                      
00003865  memccpy                       
00002ee7  memcpy                        
000031ad  memset                        
20002314  motor_cal_factor_L            
20002318  motor_cal_factor_R            
0000026d  oi_alloc                      
00000aa9  oi_checkFirmware              
000002c7  oi_close                      
00000279  oi_free                       
00000ded  oi_getMotorCalibrationLeft    
00000e01  oi_getMotorCalibrationRight   
000002b1  oi_init                       
00000289  oi_init_noupdate              
00000915  oi_loadSong                   
000038cb  oi_parseInt                   
0000032b  oi_parsePacket                
0000096b  oi_play_song                  
0000084b  oi_setLeds                    
00000db1  oi_setMotorCalibration        
0000088f  oi_setWheels                  
00000b51  oi_shutoff_init               
0000098d  oi_uartInit                   
00000a31  oi_uartReceive                
00000a77  oi_uartSendBuff               
00000a15  oi_uartSendChar               
00000a59  oi_uartSendStr                
000002d9  oi_update                     
00002ad7  printString                   
00002aaf  printWholeString              
00002939  scalbn                        
00002939  scalbnl                       
00002a8f  sendString                    
0000360d  sprintf                       
000038fb  strchr                        
000038e3  strcmp                        
00003911  strcpy                        
00003925  strlen                        
00001f93  timer_getMicros               
00001f3b  timer_getMillis               
00001e75  timer_init                    
00001f17  timer_pause                   
00001f29  timer_resume                  
00001eed  timer_stop                    
00001fed  timer_waitMicros              
0000201f  timer_waitMillis              
0000364d  vsnprintf                     
00003939  wcslen                        


GLOBAL SYMBOLS: SORTED BY Symbol Address 

address   name                          
-------   ----                          
00000000  __TI_static_base__            
00000000  g_pfnVectors                  
0000026d  oi_alloc                      
00000279  oi_free                       
00000289  oi_init_noupdate              
000002b1  oi_init                       
000002c7  oi_close                      
000002d9  oi_update                     
0000032b  oi_parsePacket                
0000084b  oi_setLeds                    
0000088f  oi_setWheels                  
00000915  oi_loadSong                   
0000096b  oi_play_song                  
0000097f  go_charge                     
0000098d  oi_uartInit                   
00000a15  oi_uartSendChar               
00000a31  oi_uartReceive                
00000a59  oi_uartSendStr                
00000a77  oi_uartSendBuff               
00000aa9  oi_checkFirmware              
00000b51  oi_shutoff_init               
00000bc3  GPIOF_Handler                 
00000db1  oi_setMotorCalibration        
00000ded  oi_getMotorCalibrationLeft    
00000e01  oi_getMotorCalibrationRight   
00000e8d  __TI_printfi                  
00001000  __STACK_SIZE                  
00001000  __SYSMEM_SIZE                 
000018db  _nop                          
000018dd  lcd_reverseNibble             
00001919  lcd_init                      
000019d9  lcd_putc                      
00001a11  lcd_puts                      
00001a2f  lcd_sendCommand               
00001a6d  lcd_sendNibble                
00001ab1  lcd_gotoLine                  
00001ad9  lcd_setCursorPos              
00001b17  lcd_printf                    
00001e75  timer_init                    
00001eed  timer_stop                    
00001f17  timer_pause                   
00001f29  timer_resume                  
00001f3b  timer_getMillis               
00001f93  timer_getMicros               
00001fed  timer_waitMicros              
0000201f  timer_waitMillis              
0000228d  __aeabi_dsub                  
00002297  __aeabi_dadd                  
00002443  __aeabi_idiv0                 
00002443  __aeabi_ldiv0                 
00002445  cyBot_sendByte                
00002451  cyBot_uart_sendStr            
0000246b  cyBot_uart_sendBuffer         
00002483  cyBot_uart_init               
00002515  cyBot_uart_flush              
00002533  cyBot_getByte                 
0000254d  cyBot_UART1_Handler           
000026dd  __aeabi_ddiv                  
00002939  ldexp                         
00002939  ldexpl                        
00002939  scalbn                        
00002939  scalbnl                       
00002a49  main                          
00002a8f  sendString                    
00002aaf  printWholeString              
00002ad7  printString                   
00002ae7  lcd_rotatingBanner            
00002b55  aligned_alloc                 
00002b55  memalign                      
00002c55  __aeabi_dmul                  
00002d51  free                          
00002ee7  __aeabi_memcpy                
00002ee7  __aeabi_memcpy4               
00002ee7  __aeabi_memcpy8               
00002ee7  memcpy                        
00002f83  __aeabi_uldivmod              
00003019  __aeabi_cdcmpeq               
00003019  __aeabi_cdcmple               
0000309f  __aeabi_cdrcmple              
00003125  button_init                   
00003159  button_getButton              
000031a5  __aeabi_memclr                
000031a5  __aeabi_memclr4               
000031a5  __aeabi_memclr8               
000031a7  __aeabi_memset                
000031a7  __aeabi_memset4               
000031a7  __aeabi_memset8               
000031ad  memset                        
000032ff  __aeabi_d2f                   
0000336d  __TI_decompress_lzss          
000033d5  frexp                         
000033d5  frexpl                        
0000348f  __TI_ltoa                     
00003535  atoi                          
00003581  __aeabi_d2iz                  
000035c9  __TI_auto_init_nobinit_nopinit
0000360d  sprintf                       
0000364d  vsnprintf                     
000036cd  calloc                        
00003705  __aeabi_f2d                   
0000373d  IntRegister                   
00003771  _c_int00_noargs               
000037d5  __aeabi_i2d                   
0000382d  __TI_zero_init_nomemset       
00003865  memccpy                       
00003881  copysign                      
00003881  copysignl                     
000038cb  oi_parseInt                   
000038e3  strcmp                        
000038fb  strchr                        
00003911  strcpy                        
00003925  strlen                        
00003939  wcslen                        
0000394b  IntMasterEnable               
0000395b  lcd_clear                     
0000396b  __TI_decompress_none          
00003979  CPUcpsie                      
00003985  ResetISR                      
0000399b  lcd_home                      
000039a5  __aeabi_errno_addr            
000039ad  malloc                        
000039b5  _system_pre_init              
000039b9  C$$EXIT                       
000039b9  abort                         
000039bc  _ctypes_                      
00003b1c  __TI_Handler_Table_Base       
00003b28  __TI_Handler_Table_Limit      
00003b38  __TI_CINIT_Base               
00003b50  __TI_CINIT_Limit              
20000000  __start___llvm_prf_cnts       
20000000  __stop___llvm_prf_cnts        
20000000  g_pfnRAMVectors               
20000270  __stack                       
20000470  __STACK_TOP                   
20001270  __STACK_END                   
20001270  _sys_memory                   
200022c4  isr_char_buffer               
20002310  _timeout_ticks                
20002314  motor_cal_factor_L            
20002318  motor_cal_factor_R            
20002334  _lock                         
20002338  _unlock                       
20002344  isr_counter                   
20002348  errno                         
2000234c  _running                      
ffffffff  __TI_pprof_out_hndl           
ffffffff  __TI_prof_data_size           
ffffffff  __TI_prof_data_start          
ffffffff  __binit__                     
ffffffff  __c_args__                    
ffffffff  binit                         
UNDEFED   __mpu_init                    
UNDEFED   _system_post_cinit            

[153 symbols]
